Dec 01 01:38:42.659 INFO Logging to file                         path: "/data/lighthouse/beacon-data/beacon/logs/beacon.log"
Dec 01 01:38:42.664 INFO Lighthouse started                      version: Lighthouse/v5.3.0-2e0eb6d
Dec 01 01:38:42.664 INFO Configured for network                  name: custom (/network-configs/network-configs)
Dec 01 01:38:42.665 INFO Data directory initialised              datadir: /data/lighthouse/beacon-data
Dec 01 01:38:42.665 WARN Discv5 packet filter is disabled
Dec 01 01:38:42.665 WARN Ignoring --http-allow-sync-stalled      info: this flag is deprecated and will be removed
Dec 01 01:38:42.671 INFO Deposit contract                        address: 0x4242424242424242424242424242424242424242, deploy_block: 0
Dec 01 01:38:42.689 INFO Blob DB initialized                     oldest_blob_slot: Some(Slot(0)), path: "/data/lighthouse/beacon-data/beacon/blobs_db", service: freezer_db
Dec 01 01:38:42.697 INFO Starting from known genesis state       service: beacon
Dec 01 01:38:42.797 INFO Block production enabled                method: json rpc via http, endpoint: Auth { endpoint: "http://172.16.4.13:8551/", jwt_path: "/jwt/jwtsecret", jwt_id: None, jwt_version: None }
Dec 01 01:38:42.810 INFO Beacon chain initialized                head_slot: 0, head_block: 0xf872…f8fe, head_state: 0xc766…48b8, service: beacon
Dec 01 01:38:42.810 INFO Timer service started                   service: node_timer
Dec 01 01:38:42.811 INFO ENR Initialised                         quic6: None, quic4: Some(9001), udp6: None, tcp6: None, tcp4: Some(9000), udp4: Some(9000), ip4: Some(172.16.4.16), id: 0x7510..438c, seq: 1, enr: enr:-MS4QDsJd-h28ZPNXbd47R4aEmwA7HZCPt1nTAMcrrIHWC7BGPlqHklxSHm4sDsjd-bOZSf5CcrK2t6YKioeHo6IMhIBh2F0dG5ldHOIAAAAAAAAAACEZXRoMpDYTi7gUAAAOP__________gmlkgnY0gmlwhKwQBBCEcXVpY4IjKYlzZWNwMjU2azGhAi9PSpBkjfNDEkP5tR4EEKITy5SekG45m-bGIf1VQXWciHN5bmNuZXRzAIN0Y3CCIyiDdWRwgiMo, service: libp2p
Dec 01 01:38:42.811 ERRO Could not add peer to the local routing table, error: ENR banned by table filter, addr: enr:-MS4QKzfMkSrVThOlrL29oJeZRm_DwuWQSrJPewhykBPkFqAPraa_8Yr3SqVOaPOrP68L6EOk1Hebxzo1qDhP_doBToBh2F0dG5ldHOIAAAAAAAAAACEZXRoMpDYTi7gUAAAOP__________gmlkgnY0gmlwhKwQBA6EcXVpY4IjKYlzZWNwMjU2azGhAqlDLdn68YXmHmMkTdNdjbW_G7JQogvCmFwgvGNisW88iHN5bmNuZXRzAIN0Y3CCIyiDdWRwgiMo, service: libp2p
Dec 01 01:38:42.811 ERRO Could not add peer to the local routing table, error: ENR banned by table filter, addr: enr:-MS4QIVMsi6qfgjdvfaO4UIoMkGIbLn1m_l6nckLIqSA38SGMeXWtg0_dFGtAjJfEHRxBvO2vQyWT0xbdPqkjB-GdnhFh2F0dG5ldHOI__________-EZXRoMpDYTi7gUAAAOP__________gmlkgnY0gmlwhKwQBA-EcXVpY4IjKYlzZWNwMjU2azGhAvroEzffwKJQqthb0II23ZTyjDs0BgGyBQXIBwPv12qYiHN5bmNuZXRzD4N0Y3CCIyiDdWRwgiMo, service: libp2p
Dec 01 01:38:42.812 INFO Libp2p Starting                         bandwidth_config: 3-Average, peer_id: 16Uiu2HAkxcMGTmJnhCcmfdgBQ2RPJoe9eBidLjuDsLR7jD81VpAw, service: libp2p
Dec 01 01:38:42.812 INFO Listening established                   address: /ip4/0.0.0.0/tcp/9000/p2p/16Uiu2HAkxcMGTmJnhCcmfdgBQ2RPJoe9eBidLjuDsLR7jD81VpAw, service: libp2p
Dec 01 01:38:42.812 INFO Listening established                   address: /ip4/0.0.0.0/udp/9001/quic-v1/p2p/16Uiu2HAkxcMGTmJnhCcmfdgBQ2RPJoe9eBidLjuDsLR7jD81VpAw, service: libp2p
Dec 01 01:38:42.812 INFO Subscribing to all subnets              service: attestation_service
Dec 01 01:38:42.838 INFO HTTP API started                        listen_address: 0.0.0.0:4000
Dec 01 01:38:42.838 INFO Metrics HTTP server started             listen_address: 0.0.0.0:5054
Dec 01 01:38:42.838 INFO UPnP Attempting to initialise routes
Dec 01 01:38:42.839 INFO Waiting for genesis                     wait_time: 0 mins, peers: 0, service: slot_notifier
Dec 01 01:38:42.839 WARN Syncing deposit contract block cache    est_blocks_remaining: initializing deposits, service: slot_notifier
Dec 01 01:38:42.839 WARN Not ready Bellatrix                     info: The execution endpoint is connected and configured, however it is not yet synced, service: slot_notifier
Dec 01 01:38:42.847 INFO Execution enabled from genesis          genesis_payload_block_hash: 0x158101723cacee4cd45f0a50ca897a14a58c776e250adb3c74084cd43ecf6261, service: slot_notifier
Dec 01 01:38:42.847 INFO Sync state updated                      new_state: Synced, old_state: Stalled, service: sync
Dec 01 01:38:42.856 INFO Subscribed to topics                    topics: ["/eth2/d84e2ee0/blob_sidecar_0/ssz_snappy", "/eth2/d84e2ee0/blob_sidecar_1/ssz_snappy", "/eth2/d84e2ee0/blob_sidecar_2/ssz_snappy", "/eth2/d84e2ee0/blob_sidecar_3/ssz_snappy", "/eth2/d84e2ee0/blob_sidecar_4/ssz_snappy", "/eth2/d84e2ee0/blob_sidecar_5/ssz_snappy", "/eth2/d84e2ee0/bls_to_execution_change/ssz_snappy", "/eth2/d84e2ee0/sync_committee_contribution_and_proof/ssz_snappy", "/eth2/d84e2ee0/beacon_block/ssz_snappy", "/eth2/d84e2ee0/beacon_aggregate_and_proof/ssz_snappy", "/eth2/d84e2ee0/voluntary_exit/ssz_snappy", "/eth2/d84e2ee0/proposer_slashing/ssz_snappy", "/eth2/d84e2ee0/attester_slashing/ssz_snappy", "/eth2/d84e2ee0/beacon_attestation_0/ssz_snappy", "/eth2/d84e2ee0/beacon_attestation_1/ssz_snappy", "/eth2/d84e2ee0/beacon_attestation_2/ssz_snappy", "/eth2/d84e2ee0/beacon_attestation_3/ssz_snappy", "/eth2/d84e2ee0/beacon_attestation_4/ssz_snappy", "/eth2/d84e2ee0/beacon_attestation_5/ssz_snappy", "/eth2/d84e2ee0/beacon_attestation_6/ssz_snappy", "/eth2/d84e2ee0/beacon_attestation_7/ssz_snappy", "/eth2/d84e2ee0/beacon_attestation_8/ssz_snappy", "/eth2/d84e2ee0/beacon_attestation_9/ssz_snappy", "/eth2/d84e2ee0/beacon_attestation_10/ssz_snappy", "/eth2/d84e2ee0/beacon_attestation_11/ssz_snappy", "/eth2/d84e2ee0/beacon_attestation_12/ssz_snappy", "/eth2/d84e2ee0/beacon_attestation_13/ssz_snappy", "/eth2/d84e2ee0/beacon_attestation_14/ssz_snappy", "/eth2/d84e2ee0/beacon_attestation_15/ssz_snappy", "/eth2/d84e2ee0/beacon_attestation_16/ssz_snappy", "/eth2/d84e2ee0/beacon_attestation_17/ssz_snappy", "/eth2/d84e2ee0/beacon_attestation_18/ssz_snappy", "/eth2/d84e2ee0/beacon_attestation_19/ssz_snappy", "/eth2/d84e2ee0/beacon_attestation_20/ssz_snappy", "/eth2/d84e2ee0/beacon_attestation_21/ssz_snappy", "/eth2/d84e2ee0/beacon_attestation_22/ssz_snappy", "/eth2/d84e2ee0/beacon_attestation_23/ssz_snappy", "/eth2/d84e2ee0/beacon_attestation_24/ssz_snappy", "/eth2/d84e2ee0/beacon_attestation_25/ssz_snappy", "/eth2/d84e2ee0/beacon_attestation_26/ssz_snappy", "/eth2/d84e2ee0/beacon_attestation_27/ssz_snappy", "/eth2/d84e2ee0/beacon_attestation_28/ssz_snappy", "/eth2/d84e2ee0/beacon_attestation_29/ssz_snappy", "/eth2/d84e2ee0/beacon_attestation_30/ssz_snappy", "/eth2/d84e2ee0/beacon_attestation_31/ssz_snappy", "/eth2/d84e2ee0/beacon_attestation_32/ssz_snappy", "/eth2/d84e2ee0/beacon_attestation_33/ssz_snappy", "/eth2/d84e2ee0/beacon_attestation_34/ssz_snappy", "/eth2/d84e2ee0/beacon_attestation_35/ssz_snappy", "/eth2/d84e2ee0/beacon_attestation_36/ssz_snappy", "/eth2/d84e2ee0/beacon_attestation_37/ssz_snappy", "/eth2/d84e2ee0/beacon_attestation_38/ssz_snappy", "/eth2/d84e2ee0/beacon_attestation_39/ssz_snappy", "/eth2/d84e2ee0/beacon_attestation_40/ssz_snappy", "/eth2/d84e2ee0/beacon_attestation_41/ssz_snappy", "/eth2/d84e2ee0/beacon_attestation_42/ssz_snappy", "/eth2/d84e2ee0/beacon_attestation_43/ssz_snappy", "/eth2/d84e2ee0/beacon_attestation_44/ssz_snappy", "/eth2/d84e2ee0/beacon_attestation_45/ssz_snappy", "/eth2/d84e2ee0/beacon_attestation_46/ssz_snappy", "/eth2/d84e2ee0/beacon_attestation_47/ssz_snappy", "/eth2/d84e2ee0/beacon_attestation_48/ssz_snappy", "/eth2/d84e2ee0/beacon_attestation_49/ssz_snappy", "/eth2/d84e2ee0/beacon_attestation_50/ssz_snappy", "/eth2/d84e2ee0/beacon_attestation_51/ssz_snappy", "/eth2/d84e2ee0/beacon_attestation_52/ssz_snappy", "/eth2/d84e2ee0/beacon_attestation_53/ssz_snappy", "/eth2/d84e2ee0/beacon_attestation_54/ssz_snappy", "/eth2/d84e2ee0/beacon_attestation_55/ssz_snappy", "/eth2/d84e2ee0/beacon_attestation_56/ssz_snappy", "/eth2/d84e2ee0/beacon_attestation_57/ssz_snappy", "/eth2/d84e2ee0/beacon_attestation_58/ssz_snappy", "/eth2/d84e2ee0/beacon_attestation_59/ssz_snappy", "/eth2/d84e2ee0/beacon_attestation_60/ssz_snappy", "/eth2/d84e2ee0/beacon_attestation_61/ssz_snappy", "/eth2/d84e2ee0/beacon_attestation_62/ssz_snappy", "/eth2/d84e2ee0/beacon_attestation_63/ssz_snappy", "/eth2/d84e2ee0/sync_committee_0/ssz_snappy", "/eth2/d84e2ee0/sync_committee_1/ssz_snappy", "/eth2/d84e2ee0/sync_committee_2/ssz_snappy", "/eth2/d84e2ee0/sync_committee_3/ssz_snappy"], service: network
Dec 01 01:38:44.848 INFO Waiting for genesis                     wait_time: 0 mins, peers: 2, service: slot_notifier
Dec 01 01:38:44.848 WARN Not ready Bellatrix                     info: The execution endpoint is connected and configured, however it is not yet synced, service: slot_notifier
Dec 01 01:38:44.849 INFO Execution enabled from genesis          genesis_payload_block_hash: 0x158101723cacee4cd45f0a50ca897a14a58c776e250adb3c74084cd43ecf6261, service: slot_notifier
Dec 01 01:38:46.850 INFO Waiting for genesis                     wait_time: 0 mins, peers: 2, service: slot_notifier
Dec 01 01:38:46.850 WARN Not ready Bellatrix                     info: The execution endpoint is connected and configured, however it is not yet synced, service: slot_notifier
Dec 01 01:38:46.851 INFO Execution enabled from genesis          genesis_payload_block_hash: 0x158101723cacee4cd45f0a50ca897a14a58c776e250adb3c74084cd43ecf6261, service: slot_notifier
Dec 01 01:38:48.852 INFO Waiting for genesis                     wait_time: 0 mins, peers: 2, service: slot_notifier
Dec 01 01:38:48.852 WARN Not ready Bellatrix                     info: The execution endpoint is connected and configured, however it is not yet synced, service: slot_notifier
Dec 01 01:38:48.853 INFO Execution enabled from genesis          genesis_payload_block_hash: 0x158101723cacee4cd45f0a50ca897a14a58c776e250adb3c74084cd43ecf6261, service: slot_notifier
Dec 01 01:38:50.854 INFO Waiting for genesis                     wait_time: 0 mins, peers: 2, service: slot_notifier
Dec 01 01:38:50.854 WARN Not ready Bellatrix                     info: The execution endpoint is connected and configured, however it is not yet synced, service: slot_notifier
Dec 01 01:38:50.855 INFO Execution enabled from genesis          genesis_payload_block_hash: 0x158101723cacee4cd45f0a50ca897a14a58c776e250adb3c74084cd43ecf6261, service: slot_notifier
Dec 01 01:38:52.841 INFO UPnP not available                      service: libp2p
Dec 01 01:38:52.841 INFO Could not UPnP map Discovery port       error: Gateway does not support UPnP
Dec 01 01:38:52.856 INFO Waiting for genesis                     wait_time: 0 mins, peers: 2, service: slot_notifier
Dec 01 01:38:52.856 WARN Not ready Bellatrix                     info: The execution endpoint is connected and configured, however it is not yet synced, service: slot_notifier
Dec 01 01:38:52.858 INFO Execution enabled from genesis          genesis_payload_block_hash: 0x158101723cacee4cd45f0a50ca897a14a58c776e250adb3c74084cd43ecf6261, service: slot_notifier
Dec 01 01:38:54.859 INFO Waiting for genesis                     wait_time: 0 mins, peers: 2, service: slot_notifier
Dec 01 01:38:54.859 WARN Not ready Bellatrix                     info: The execution endpoint is connected and configured, however it is not yet synced, service: slot_notifier
Dec 01 01:38:54.864 INFO Execution enabled from genesis          genesis_payload_block_hash: 0x158101723cacee4cd45f0a50ca897a14a58c776e250adb3c74084cd43ecf6261, service: slot_notifier
Dec 01 01:38:56.866 INFO Waiting for genesis                     wait_time: 0 mins, peers: 2, service: slot_notifier
Dec 01 01:38:56.866 WARN Not ready Bellatrix                     info: The execution endpoint is connected and configured, however it is not yet synced, service: slot_notifier
Dec 01 01:38:56.870 INFO Execution enabled from genesis          genesis_payload_block_hash: 0x158101723cacee4cd45f0a50ca897a14a58c776e250adb3c74084cd43ecf6261, service: slot_notifier
Dec 01 01:38:58.872 INFO Waiting for genesis                     wait_time: 0 mins, peers: 2, service: slot_notifier
Dec 01 01:38:58.872 WARN Not ready Bellatrix                     info: The execution endpoint is connected and configured, however it is not yet synced, service: slot_notifier
Dec 01 01:38:58.875 INFO Execution enabled from genesis          genesis_payload_block_hash: 0x158101723cacee4cd45f0a50ca897a14a58c776e250adb3c74084cd43ecf6261, service: slot_notifier
Dec 01 01:39:00.876 INFO Waiting for genesis                     wait_time: 0 mins, peers: 2, service: slot_notifier
Dec 01 01:39:00.876 WARN Not ready Bellatrix                     info: The execution endpoint is connected and configured, however it is not yet synced, service: slot_notifier
Dec 01 01:39:00.876 INFO Execution enabled from genesis          genesis_payload_block_hash: 0x158101723cacee4cd45f0a50ca897a14a58c776e250adb3c74084cd43ecf6261, service: slot_notifier
Dec 01 01:39:02.878 INFO Waiting for genesis                     wait_time: 0 mins, peers: 2, service: slot_notifier
Dec 01 01:39:02.878 WARN Not ready Bellatrix                     info: The execution endpoint is connected and configured, however it is not yet synced, service: slot_notifier
Dec 01 01:39:02.882 INFO Execution enabled from genesis          genesis_payload_block_hash: 0x158101723cacee4cd45f0a50ca897a14a58c776e250adb3c74084cd43ecf6261, service: slot_notifier
Dec 01 01:39:04.883 INFO Waiting for genesis                     wait_time: 0 mins, peers: 2, service: slot_notifier
Dec 01 01:39:04.883 WARN Not ready Bellatrix                     info: The execution endpoint is connected and configured, however it is not yet synced, service: slot_notifier
Dec 01 01:39:04.887 INFO Execution enabled from genesis          genesis_payload_block_hash: 0x158101723cacee4cd45f0a50ca897a14a58c776e250adb3c74084cd43ecf6261, service: slot_notifier
Dec 01 01:39:06.889 INFO Waiting for genesis                     wait_time: 0 mins, peers: 2, service: slot_notifier
Dec 01 01:39:06.889 WARN Not ready Bellatrix                     info: The execution endpoint is connected and configured, however it is not yet synced, service: slot_notifier
Dec 01 01:39:06.891 INFO Execution enabled from genesis          genesis_payload_block_hash: 0x158101723cacee4cd45f0a50ca897a14a58c776e250adb3c74084cd43ecf6261, service: slot_notifier
Dec 01 01:39:08.893 INFO Waiting for genesis                     wait_time: 0 mins, peers: 2, service: slot_notifier
Dec 01 01:39:08.893 WARN Not ready Bellatrix                     info: The execution endpoint is connected and configured, however it is not yet synced, service: slot_notifier
Dec 01 01:39:08.895 INFO Execution enabled from genesis          genesis_payload_block_hash: 0x158101723cacee4cd45f0a50ca897a14a58c776e250adb3c74084cd43ecf6261, service: slot_notifier
Dec 01 01:39:10.897 INFO Waiting for genesis                     wait_time: 0 mins, peers: 2, service: slot_notifier
Dec 01 01:39:10.897 WARN Not ready Bellatrix                     info: The execution endpoint is connected and configured, however it is not yet synced, service: slot_notifier
Dec 01 01:39:10.902 INFO Execution enabled from genesis          genesis_payload_block_hash: 0x158101723cacee4cd45f0a50ca897a14a58c776e250adb3c74084cd43ecf6261, service: slot_notifier
Dec 01 01:39:13.501 WARN Unable to determine slot in state advance timer, error: UnableToReadSlot, service: state_advance
Dec 01 01:39:14.003 INFO Prepared beacon proposer                parent_root: 0xf872cd103570a730a3f3ca2e60e7be2d14b280bf4aa9840772a4f8822485f8fe, validator: 126, prepare_slot: 1, service: beacon
Dec 01 01:39:14.005 INFO Found terminal block hash               block_hash: 0x158101723cacee4cd45f0a50ca897a14a58c776e250adb3c74084cd43ecf6261, terminal_total_difficulty: 0, terminal_block_hash_override: 0x0000000000000000000000000000000000000000000000000000000000000000, service: exec
Dec 01 01:39:14.005 INFO Prepared POS transition block proposer  slot: 1, service: beacon
Dec 01 01:39:15.000 INFO Synced                                  slot: 0, block: 0xf872…f8fe, epoch: 0, finalized_epoch: 0, finalized_root: 0xf872…f8fe, exec_hash: n/a, peers: 2, service: slot_notifier
Dec 01 01:39:15.001 WARN Not ready Bellatrix                     info: The execution endpoint is connected and configured, however it is not yet synced, service: slot_notifier
Dec 01 01:39:16.002 INFO Prepared beacon proposer                parent_root: 0xf872cd103570a730a3f3ca2e60e7be2d14b280bf4aa9840772a4f8822485f8fe, validator: 14, prepare_slot: 2, service: beacon
Dec 01 01:39:16.003 INFO Found terminal block hash               block_hash: 0x158101723cacee4cd45f0a50ca897a14a58c776e250adb3c74084cd43ecf6261, terminal_total_difficulty: 0, terminal_block_hash_override: 0x0000000000000000000000000000000000000000000000000000000000000000, service: exec
Dec 01 01:39:16.003 INFO Prepared POS transition block proposer  slot: 2, service: beacon
Dec 01 01:39:16.113 INFO New block received                      root: 0x8ba522502547dd5fcbf0f67eaf438d950aabacadc04af2d2d7c5696a06051403, slot: 1
Dec 01 01:39:16.135 INFO Prepared beacon proposer                parent_root: 0x8ba522502547dd5fcbf0f67eaf438d950aabacadc04af2d2d7c5696a06051403, validator: 14, prepare_slot: 2, service: beacon
Dec 01 01:39:16.140 INFO Execution engine online                 service: exec
Dec 01 01:39:16.140 INFO Issuing forkchoiceUpdated               forkchoice_state: ForkchoiceState { head_block_hash: 0x8d56aa7f4c835fa52991d56040e7c604994b9527c0f7f5481a9e77801106ed68, safe_block_hash: 0x0000000000000000000000000000000000000000000000000000000000000000, finalized_block_hash: 0x0000000000000000000000000000000000000000000000000000000000000000 }, service: exec
Dec 01 01:39:17.000 INFO Synced                                  slot: 1, block: 0x8ba5…1403, epoch: 0, finalized_epoch: 0, finalized_root: 0xf872…f8fe, exec_hash: 0x8d56…ed68 (verified), peers: 2, service: slot_notifier
Dec 01 01:39:18.001 INFO Prepared beacon proposer                parent_root: 0x8ba522502547dd5fcbf0f67eaf438d950aabacadc04af2d2d7c5696a06051403, validator: 59, prepare_slot: 3, service: beacon
Dec 01 01:39:18.223 INFO New block received                      root: 0xd613c2232492584bfab5f7dc74ab1deaafc726f535096879389cfccf3a3150b6, slot: 2
Dec 01 01:39:18.267 INFO Prepared beacon proposer                parent_root: 0xd613c2232492584bfab5f7dc74ab1deaafc726f535096879389cfccf3a3150b6, validator: 59, prepare_slot: 3, service: beacon
Dec 01 01:39:19.000 INFO Synced                                  slot: 2, block: 0xd613…50b6, epoch: 0, finalized_epoch: 0, finalized_root: 0xf872…f8fe, exec_hash: 0x6816…7b34 (verified), peers: 2, service: slot_notifier
Dec 01 01:39:20.003 INFO Prepared beacon proposer                parent_root: 0xd613c2232492584bfab5f7dc74ab1deaafc726f535096879389cfccf3a3150b6, validator: 5, prepare_slot: 4, service: beacon
Dec 01 01:39:20.204 INFO New block received                      root: 0x17fcb829b6fc8ff92751772da6794ccdeb516cb12796cbcf0ca6686660214716, slot: 3
Dec 01 01:39:20.223 INFO Prepared beacon proposer                parent_root: 0x17fcb829b6fc8ff92751772da6794ccdeb516cb12796cbcf0ca6686660214716, validator: 5, prepare_slot: 4, service: beacon
Dec 01 01:39:21.000 INFO Synced                                  slot: 3, block: 0x17fc…4716, epoch: 0, finalized_epoch: 0, finalized_root: 0xf872…f8fe, exec_hash: 0x124d…3ee6 (verified), peers: 2, service: slot_notifier
Dec 01 01:39:22.001 INFO Prepared beacon proposer                parent_root: 0x17fcb829b6fc8ff92751772da6794ccdeb516cb12796cbcf0ca6686660214716, validator: 103, prepare_slot: 5, service: beacon
Dec 01 01:39:22.204 INFO New block received                      root: 0xf0b352b32394b6cd3887c78b1a6ca01878800b197b911783d8e2c0f2b848a566, slot: 4
Dec 01 01:39:22.224 INFO Prepared beacon proposer                parent_root: 0xf0b352b32394b6cd3887c78b1a6ca01878800b197b911783d8e2c0f2b848a566, validator: 103, prepare_slot: 5, service: beacon
Dec 01 01:39:23.001 INFO Synced                                  slot: 4, block: 0xf0b3…a566, epoch: 0, finalized_epoch: 0, finalized_root: 0xf872…f8fe, exec_hash: 0xd250…0520 (verified), peers: 2, service: slot_notifier
Dec 01 01:39:24.002 INFO Prepared beacon proposer                parent_root: 0xf0b352b32394b6cd3887c78b1a6ca01878800b197b911783d8e2c0f2b848a566, validator: 53, prepare_slot: 6, service: beacon
Dec 01 01:39:24.205 INFO New block received                      root: 0x44e0f9c0cd07ffbce2598cb33812e80e74e96f7f7d539031985fddeb0c45407f, slot: 5
Dec 01 01:39:24.227 INFO Prepared beacon proposer                parent_root: 0x44e0f9c0cd07ffbce2598cb33812e80e74e96f7f7d539031985fddeb0c45407f, validator: 53, prepare_slot: 6, service: beacon
Dec 01 01:39:25.000 INFO Synced                                  slot: 5, block: 0x44e0…407f, epoch: 0, finalized_epoch: 0, finalized_root: 0xf872…f8fe, exec_hash: 0xa7dd…69fa (verified), peers: 2, service: slot_notifier
Dec 01 01:39:26.001 INFO Prepared beacon proposer                parent_root: 0x44e0f9c0cd07ffbce2598cb33812e80e74e96f7f7d539031985fddeb0c45407f, validator: 86, prepare_slot: 7, service: beacon
Dec 01 01:39:26.208 INFO New block received                      root: 0xbd5b0fabadc0f8f40f1fff1a2209e5824979dd71b5cde60497a0929f4dd8f52d, slot: 6
Dec 01 01:39:26.219 INFO Prepared beacon proposer                parent_root: 0xbd5b0fabadc0f8f40f1fff1a2209e5824979dd71b5cde60497a0929f4dd8f52d, validator: 86, prepare_slot: 7, service: beacon
Dec 01 01:39:27.000 INFO Synced                                  slot: 6, block: 0xbd5b…f52d, epoch: 0, finalized_epoch: 0, finalized_root: 0xf872…f8fe, exec_hash: 0x0151…8964 (verified), peers: 2, service: slot_notifier
Dec 01 01:39:28.001 INFO Prepared beacon proposer                parent_root: 0xbd5b0fabadc0f8f40f1fff1a2209e5824979dd71b5cde60497a0929f4dd8f52d, validator: 28, prepare_slot: 8, service: beacon
Dec 01 01:39:28.206 INFO New block received                      root: 0xca009d009e4a9749a777eabd7a528dcb84e7519c81677f37b89fce27ab4db5ba, slot: 7
Dec 01 01:39:28.224 INFO Prepared beacon proposer                parent_root: 0xca009d009e4a9749a777eabd7a528dcb84e7519c81677f37b89fce27ab4db5ba, validator: 28, prepare_slot: 8, service: beacon
Dec 01 01:39:29.001 INFO Synced                                  slot: 7, block: 0xca00…b5ba, epoch: 0, finalized_epoch: 0, finalized_root: 0xf872…f8fe, exec_hash: 0x9890…b793 (verified), peers: 2, service: slot_notifier
Dec 01 01:39:30.001 INFO Prepared beacon proposer                parent_root: 0xca009d009e4a9749a777eabd7a528dcb84e7519c81677f37b89fce27ab4db5ba, validator: 71, prepare_slot: 9, service: beacon
Dec 01 01:39:30.211 INFO New block received                      root: 0x0b777f019e408f04b5e0d4b532385926cd197fd36c0dd0fd988977e9f2982b0c, slot: 8
Dec 01 01:39:30.230 INFO Prepared beacon proposer                parent_root: 0x0b777f019e408f04b5e0d4b532385926cd197fd36c0dd0fd988977e9f2982b0c, validator: 71, prepare_slot: 9, service: beacon
Dec 01 01:39:31.001 INFO Synced                                  slot: 8, block: 0x0b77…2b0c, epoch: 0, finalized_epoch: 0, finalized_root: 0xf872…f8fe, exec_hash: 0x33cd…b6fe (verified), peers: 2, service: slot_notifier
Dec 01 01:39:32.001 INFO Prepared beacon proposer                parent_root: 0x0b777f019e408f04b5e0d4b532385926cd197fd36c0dd0fd988977e9f2982b0c, validator: 42, prepare_slot: 10, service: beacon
Dec 01 01:39:32.208 INFO New block received                      root: 0x20d515bc6d802f928cc753e4307ffe8477da8535ba285dc24219771f0191b6c0, slot: 9
Dec 01 01:39:32.227 INFO Prepared beacon proposer                parent_root: 0x20d515bc6d802f928cc753e4307ffe8477da8535ba285dc24219771f0191b6c0, validator: 42, prepare_slot: 10, service: beacon
Dec 01 01:39:33.000 INFO Synced                                  slot: 9, block: 0x20d5…b6c0, epoch: 0, finalized_epoch: 0, finalized_root: 0xf872…f8fe, exec_hash: 0x78b2…0645 (verified), peers: 2, service: slot_notifier
Dec 01 01:39:34.001 INFO Prepared beacon proposer                parent_root: 0x20d515bc6d802f928cc753e4307ffe8477da8535ba285dc24219771f0191b6c0, validator: 84, prepare_slot: 11, service: beacon
Dec 01 01:39:34.222 INFO New block received                      root: 0xb51db3b630f87317c64196d54d9bb9c09177fe10f482a9ef1efb20f061acf0ba, slot: 10
Dec 01 01:39:34.264 INFO Prepared beacon proposer                parent_root: 0xb51db3b630f87317c64196d54d9bb9c09177fe10f482a9ef1efb20f061acf0ba, validator: 84, prepare_slot: 11, service: beacon
Dec 01 01:39:35.000 INFO Synced                                  slot: 10, block: 0xb51d…f0ba, epoch: 0, finalized_epoch: 0, finalized_root: 0xf872…f8fe, exec_hash: 0x7044…6a75 (verified), peers: 2, service: slot_notifier
Dec 01 01:39:36.001 INFO Prepared beacon proposer                parent_root: 0xb51db3b630f87317c64196d54d9bb9c09177fe10f482a9ef1efb20f061acf0ba, validator: 93, prepare_slot: 12, service: beacon
Dec 01 01:39:36.210 INFO New block received                      root: 0xcc1273fe71c2b9b90599550da94e651baf334adbbf17eea3e237c1abee00413f, slot: 11
Dec 01 01:39:36.228 INFO Prepared beacon proposer                parent_root: 0xcc1273fe71c2b9b90599550da94e651baf334adbbf17eea3e237c1abee00413f, validator: 93, prepare_slot: 12, service: beacon
Dec 01 01:39:37.000 INFO Synced                                  slot: 11, block: 0xcc12…413f, epoch: 0, finalized_epoch: 0, finalized_root: 0xf872…f8fe, exec_hash: 0xb189…1066 (verified), peers: 2, service: slot_notifier
Dec 01 01:39:38.002 INFO Prepared beacon proposer                parent_root: 0xcc1273fe71c2b9b90599550da94e651baf334adbbf17eea3e237c1abee00413f, validator: 41, prepare_slot: 13, service: beacon
Dec 01 01:39:38.213 INFO New block received                      root: 0x2656bef8080d5d052fcce4fded595313ed011032a72ba74bb1d994f3abba97a3, slot: 12
Dec 01 01:39:38.241 INFO Prepared beacon proposer                parent_root: 0x2656bef8080d5d052fcce4fded595313ed011032a72ba74bb1d994f3abba97a3, validator: 41, prepare_slot: 13, service: beacon
Dec 01 01:39:39.000 INFO Synced                                  slot: 12, block: 0x2656…97a3, epoch: 0, finalized_epoch: 0, finalized_root: 0xf872…f8fe, exec_hash: 0xa55a…2bff (verified), peers: 2, service: slot_notifier
Dec 01 01:39:40.002 INFO Prepared beacon proposer                parent_root: 0x2656bef8080d5d052fcce4fded595313ed011032a72ba74bb1d994f3abba97a3, validator: 12, prepare_slot: 14, service: beacon
Dec 01 01:39:40.209 INFO New block received                      root: 0x654b369f86df78160589f537506a91c1328ce549775e0d49d3bee22bcc1a30fd, slot: 13
Dec 01 01:39:40.239 INFO Prepared beacon proposer                parent_root: 0x654b369f86df78160589f537506a91c1328ce549775e0d49d3bee22bcc1a30fd, validator: 12, prepare_slot: 14, service: beacon
Dec 01 01:39:41.000 INFO Synced                                  slot: 13, block: 0x654b…30fd, epoch: 0, finalized_epoch: 0, finalized_root: 0xf872…f8fe, exec_hash: 0x500c…8027 (verified), peers: 2, service: slot_notifier
Dec 01 01:39:42.001 INFO Prepared beacon proposer                parent_root: 0x654b369f86df78160589f537506a91c1328ce549775e0d49d3bee22bcc1a30fd, validator: 58, prepare_slot: 15, service: beacon
Dec 01 01:39:42.209 INFO New block received                      root: 0x8ef4c435e55bc46a3e451ad863d86843bd9de7dbe6413e0f9a98d406a549a51b, slot: 14
Dec 01 01:39:42.250 INFO Prepared beacon proposer                parent_root: 0x8ef4c435e55bc46a3e451ad863d86843bd9de7dbe6413e0f9a98d406a549a51b, validator: 58, prepare_slot: 15, service: beacon
Dec 01 01:39:43.001 INFO Synced                                  slot: 14, block: 0x8ef4…a51b, epoch: 0, finalized_epoch: 0, finalized_root: 0xf872…f8fe, exec_hash: 0x1d42…f0a6 (verified), peers: 2, service: slot_notifier
Dec 01 01:39:44.001 INFO Prepared beacon proposer                parent_root: 0x8ef4c435e55bc46a3e451ad863d86843bd9de7dbe6413e0f9a98d406a549a51b, validator: 112, prepare_slot: 16, service: beacon
Dec 01 01:39:44.220 INFO New block received                      root: 0x93fd44a51b8fc7ba7c0190a15fd0604675f75cad4d55068a21fe9b86f0f52c7b, slot: 15
Dec 01 01:39:44.275 INFO Prepared beacon proposer                parent_root: 0x93fd44a51b8fc7ba7c0190a15fd0604675f75cad4d55068a21fe9b86f0f52c7b, validator: 112, prepare_slot: 16, service: beacon
Dec 01 01:39:45.001 INFO Synced                                  slot: 15, block: 0x93fd…2c7b, epoch: 0, finalized_epoch: 0, finalized_root: 0xf872…f8fe, exec_hash: 0x3690…e198 (verified), peers: 2, service: slot_notifier
Dec 01 01:39:46.001 INFO Prepared beacon proposer                parent_root: 0x93fd44a51b8fc7ba7c0190a15fd0604675f75cad4d55068a21fe9b86f0f52c7b, validator: 79, prepare_slot: 17, service: beacon
Dec 01 01:39:46.206 INFO New block received                      root: 0xadb8ef903d402872900d96c274aa4480cacd5da2d3c75e1845b2423c908ea97b, slot: 16
Dec 01 01:39:46.228 INFO Prepared beacon proposer                parent_root: 0xadb8ef903d402872900d96c274aa4480cacd5da2d3c75e1845b2423c908ea97b, validator: 79, prepare_slot: 17, service: beacon
Dec 01 01:39:47.001 INFO Synced                                  slot: 16, block: 0xadb8…a97b, epoch: 0, finalized_epoch: 0, finalized_root: 0xf872…f8fe, exec_hash: 0x6123…c0e3 (verified), peers: 2, service: slot_notifier
Dec 01 01:39:48.001 INFO Prepared beacon proposer                parent_root: 0xadb8ef903d402872900d96c274aa4480cacd5da2d3c75e1845b2423c908ea97b, validator: 126, prepare_slot: 18, service: beacon
Dec 01 01:39:48.113 INFO New block received                      root: 0xb5f739dc83dec1563b1ff6038fc9d986090f9e3f8e38f355f3484d043029492f, slot: 17
Dec 01 01:39:48.131 INFO Prepared beacon proposer                parent_root: 0xb5f739dc83dec1563b1ff6038fc9d986090f9e3f8e38f355f3484d043029492f, validator: 126, prepare_slot: 18, service: beacon
Dec 01 01:39:49.000 INFO Synced                                  slot: 17, block: 0xb5f7…492f, epoch: 0, finalized_epoch: 0, finalized_root: 0xf872…f8fe, exec_hash: 0x4b43…ba9e (verified), peers: 2, service: slot_notifier
Dec 01 01:39:50.001 INFO Prepared beacon proposer                parent_root: 0xb5f739dc83dec1563b1ff6038fc9d986090f9e3f8e38f355f3484d043029492f, validator: 24, prepare_slot: 19, service: beacon
Dec 01 01:39:50.203 INFO New block received                      root: 0x62badb1eb2cdfcb7814e38cd7c6a42e319b7300ca6ffd5a85bb2310355bd6463, slot: 18
Dec 01 01:39:50.214 INFO Prepared beacon proposer                parent_root: 0x62badb1eb2cdfcb7814e38cd7c6a42e319b7300ca6ffd5a85bb2310355bd6463, validator: 24, prepare_slot: 19, service: beacon
Dec 01 01:39:51.001 INFO Synced                                  slot: 18, block: 0x62ba…6463, epoch: 0, finalized_epoch: 0, finalized_root: 0xf872…f8fe, exec_hash: 0x4ec0…c4b1 (verified), peers: 2, service: slot_notifier
Dec 01 01:39:52.001 INFO Prepared beacon proposer                parent_root: 0x62badb1eb2cdfcb7814e38cd7c6a42e319b7300ca6ffd5a85bb2310355bd6463, validator: 113, prepare_slot: 20, service: beacon
Dec 01 01:39:52.202 INFO New block received                      root: 0xaaeb63ba59777c7d88f82aecd5dbf6cd6525c66bf6aa3100d9f1a61b9e719a7c, slot: 19
Dec 01 01:39:52.213 INFO Prepared beacon proposer                parent_root: 0xaaeb63ba59777c7d88f82aecd5dbf6cd6525c66bf6aa3100d9f1a61b9e719a7c, validator: 113, prepare_slot: 20, service: beacon
Dec 01 01:39:53.000 INFO Synced                                  slot: 19, block: 0xaaeb…9a7c, epoch: 0, finalized_epoch: 0, finalized_root: 0xf872…f8fe, exec_hash: 0x8f81…e52d (verified), peers: 2, service: slot_notifier
Dec 01 01:39:54.001 INFO Prepared beacon proposer                parent_root: 0xaaeb63ba59777c7d88f82aecd5dbf6cd6525c66bf6aa3100d9f1a61b9e719a7c, validator: 94, prepare_slot: 21, service: beacon
Dec 01 01:39:54.105 INFO New block received                      root: 0xf9a4ad829b875a8290462f843ca38373b1bbd7e606d9c0728f35329a9cef123c, slot: 20
Dec 01 01:39:54.117 INFO Prepared beacon proposer                parent_root: 0xf9a4ad829b875a8290462f843ca38373b1bbd7e606d9c0728f35329a9cef123c, validator: 94, prepare_slot: 21, service: beacon
Dec 01 01:39:55.001 INFO Synced                                  slot: 20, block: 0xf9a4…123c, epoch: 0, finalized_epoch: 0, finalized_root: 0xf872…f8fe, exec_hash: 0xf4eb…d22c (verified), peers: 2, service: slot_notifier
Dec 01 01:39:56.001 INFO Prepared beacon proposer                parent_root: 0xf9a4ad829b875a8290462f843ca38373b1bbd7e606d9c0728f35329a9cef123c, validator: 57, prepare_slot: 22, service: beacon
Dec 01 01:39:56.203 INFO New block received                      root: 0xee880417e1a3d6d2b22d21343be9172b52ebd13b8c7a1b5fd3dd5885b9d42dbd, slot: 21
Dec 01 01:39:56.215 INFO Prepared beacon proposer                parent_root: 0xee880417e1a3d6d2b22d21343be9172b52ebd13b8c7a1b5fd3dd5885b9d42dbd, validator: 57, prepare_slot: 22, service: beacon
Dec 01 01:39:57.000 INFO Synced                                  slot: 21, block: 0xee88…2dbd, epoch: 0, finalized_epoch: 0, finalized_root: 0xf872…f8fe, exec_hash: 0x852c…2809 (verified), peers: 2, service: slot_notifier
Dec 01 01:39:58.001 INFO Prepared beacon proposer                parent_root: 0xee880417e1a3d6d2b22d21343be9172b52ebd13b8c7a1b5fd3dd5885b9d42dbd, validator: 31, prepare_slot: 23, service: beacon
Dec 01 01:39:58.204 INFO New block received                      root: 0x129533ac57af7e588ee1a2ad705ca93842942983140c8d6315fdec55bc21e9d9, slot: 22
Dec 01 01:39:58.228 INFO Prepared beacon proposer                parent_root: 0x129533ac57af7e588ee1a2ad705ca93842942983140c8d6315fdec55bc21e9d9, validator: 31, prepare_slot: 23, service: beacon
Dec 01 01:39:59.000 INFO Synced                                  slot: 22, block: 0x1295…e9d9, epoch: 0, finalized_epoch: 0, finalized_root: 0xf872…f8fe, exec_hash: 0x771f…d177 (verified), peers: 2, service: slot_notifier
Dec 01 01:40:00.001 INFO Prepared beacon proposer                parent_root: 0x129533ac57af7e588ee1a2ad705ca93842942983140c8d6315fdec55bc21e9d9, validator: 109, prepare_slot: 24, service: beacon
Dec 01 01:40:00.213 INFO New block received                      root: 0x42fc4deae4302c11b9424241ae437cbc225225f3b8b995194b840010b49c34b7, slot: 23
Dec 01 01:40:00.256 INFO Prepared beacon proposer                parent_root: 0x42fc4deae4302c11b9424241ae437cbc225225f3b8b995194b840010b49c34b7, validator: 109, prepare_slot: 24, service: beacon
Dec 01 01:40:01.001 INFO Synced                                  slot: 23, block: 0x42fc…34b7, epoch: 0, finalized_epoch: 0, finalized_root: 0xf872…f8fe, exec_hash: 0xe4fd…1f64 (verified), peers: 2, service: slot_notifier
Dec 01 01:40:02.001 INFO Prepared beacon proposer                parent_root: 0x42fc4deae4302c11b9424241ae437cbc225225f3b8b995194b840010b49c34b7, validator: 55, prepare_slot: 25, service: beacon
Dec 01 01:40:02.111 INFO New block received                      root: 0x578da6a7ebc3dac4140268d248cf24cf3092515b1890855b36a60ceecebe1e8a, slot: 24
Dec 01 01:40:02.131 INFO Prepared beacon proposer                parent_root: 0x578da6a7ebc3dac4140268d248cf24cf3092515b1890855b36a60ceecebe1e8a, validator: 55, prepare_slot: 25, service: beacon
Dec 01 01:40:03.001 INFO Synced                                  slot: 24, block: 0x578d…1e8a, epoch: 0, finalized_epoch: 0, finalized_root: 0xf872…f8fe, exec_hash: 0x0040…8e3a (verified), peers: 2, service: slot_notifier
Dec 01 01:40:04.001 INFO Prepared beacon proposer                parent_root: 0x578da6a7ebc3dac4140268d248cf24cf3092515b1890855b36a60ceecebe1e8a, validator: 68, prepare_slot: 26, service: beacon
Dec 01 01:40:04.221 INFO New block received                      root: 0xf5080f8144b281e96cae69269440d2a6c6588682289067ad74eb96186d999476, slot: 25
Dec 01 01:40:04.286 INFO Prepared beacon proposer                parent_root: 0xf5080f8144b281e96cae69269440d2a6c6588682289067ad74eb96186d999476, validator: 68, prepare_slot: 26, service: beacon
Dec 01 01:40:05.000 INFO Synced                                  slot: 25, block: 0xf508…9476, epoch: 0, finalized_epoch: 0, finalized_root: 0xf872…f8fe, exec_hash: 0xab91…5e75 (verified), peers: 2, service: slot_notifier
Dec 01 01:40:06.002 INFO Prepared beacon proposer                parent_root: 0xf5080f8144b281e96cae69269440d2a6c6588682289067ad74eb96186d999476, validator: 39, prepare_slot: 27, service: beacon
Dec 01 01:40:06.207 INFO New block received                      root: 0x8e23cf29ab2a647a5189c2ec74c36ec01c61f137e68676a110df068744f91d71, slot: 26
Dec 01 01:40:06.225 INFO Prepared beacon proposer                parent_root: 0x8e23cf29ab2a647a5189c2ec74c36ec01c61f137e68676a110df068744f91d71, validator: 39, prepare_slot: 27, service: beacon
Dec 01 01:40:07.000 INFO Synced                                  slot: 26, block: 0x8e23…1d71, epoch: 0, finalized_epoch: 0, finalized_root: 0xf872…f8fe, exec_hash: 0xeaa9…d31d (verified), peers: 2, service: slot_notifier
Dec 01 01:40:08.001 INFO Prepared beacon proposer                parent_root: 0x8e23cf29ab2a647a5189c2ec74c36ec01c61f137e68676a110df068744f91d71, validator: 18, prepare_slot: 28, service: beacon
Dec 01 01:40:08.210 INFO New block received                      root: 0xb2b20082b2270372237cf22c57768f8fdb6f0a6b952984fe9b963ed3a4fa501f, slot: 27
Dec 01 01:40:08.231 INFO Prepared beacon proposer                parent_root: 0xb2b20082b2270372237cf22c57768f8fdb6f0a6b952984fe9b963ed3a4fa501f, validator: 18, prepare_slot: 28, service: beacon
Dec 01 01:40:09.001 INFO Synced                                  slot: 27, block: 0xb2b2…501f, epoch: 0, finalized_epoch: 0, finalized_root: 0xf872…f8fe, exec_hash: 0x06ad…9eca (verified), peers: 2, service: slot_notifier
Dec 01 01:40:10.001 INFO Prepared beacon proposer                parent_root: 0xb2b20082b2270372237cf22c57768f8fdb6f0a6b952984fe9b963ed3a4fa501f, validator: 77, prepare_slot: 29, service: beacon
Dec 01 01:40:10.208 INFO New block received                      root: 0x1b1e615aa1f730849ef634d4493294c9c911932881e20b6e5abf4baca3aecc7a, slot: 28
Dec 01 01:40:10.227 INFO Prepared beacon proposer                parent_root: 0x1b1e615aa1f730849ef634d4493294c9c911932881e20b6e5abf4baca3aecc7a, validator: 77, prepare_slot: 29, service: beacon
Dec 01 01:40:11.000 INFO Synced                                  slot: 28, block: 0x1b1e…cc7a, epoch: 0, finalized_epoch: 0, finalized_root: 0xf872…f8fe, exec_hash: 0xf540…025a (verified), peers: 2, service: slot_notifier
Dec 01 01:40:12.001 INFO Prepared beacon proposer                parent_root: 0x1b1e615aa1f730849ef634d4493294c9c911932881e20b6e5abf4baca3aecc7a, validator: 30, prepare_slot: 30, service: beacon
Dec 01 01:40:12.210 INFO New block received                      root: 0xcf904b4029143fa9acc5386ee0858789954aac82e72aac38fdf4c0c7197e088d, slot: 29
Dec 01 01:40:12.230 INFO Prepared beacon proposer                parent_root: 0xcf904b4029143fa9acc5386ee0858789954aac82e72aac38fdf4c0c7197e088d, validator: 30, prepare_slot: 30, service: beacon
Dec 01 01:40:13.001 INFO Synced                                  slot: 29, block: 0xcf90…088d, epoch: 0, finalized_epoch: 0, finalized_root: 0xf872…f8fe, exec_hash: 0x78e9…bcbf (verified), peers: 2, service: slot_notifier
Dec 01 01:40:14.001 INFO Prepared beacon proposer                parent_root: 0xcf904b4029143fa9acc5386ee0858789954aac82e72aac38fdf4c0c7197e088d, validator: 86, prepare_slot: 31, service: beacon
Dec 01 01:40:14.206 INFO New block received                      root: 0x7eb1a0af4c3a1a50633a3c8aeb9f0492dd86b32d0172a75f41c8ff58b6433ca5, slot: 30
Dec 01 01:40:14.227 INFO Prepared beacon proposer                parent_root: 0x7eb1a0af4c3a1a50633a3c8aeb9f0492dd86b32d0172a75f41c8ff58b6433ca5, validator: 86, prepare_slot: 31, service: beacon
Dec 01 01:40:15.001 INFO Synced                                  slot: 30, block: 0x7eb1…3ca5, epoch: 0, finalized_epoch: 0, finalized_root: 0xf872…f8fe, exec_hash: 0xe412…c9e4 (verified), peers: 2, service: slot_notifier
Dec 01 01:40:16.004 INFO Prepared beacon proposer                parent_root: 0x7eb1a0af4c3a1a50633a3c8aeb9f0492dd86b32d0172a75f41c8ff58b6433ca5, validator: 115, prepare_slot: 32, service: beacon
Dec 01 01:40:16.116 INFO New block received                      root: 0xc5e35b038bb27ba3fa1d2d7dbbd204ff2c324dd3d7ffba8f1680467c8207bace, slot: 31
Dec 01 01:40:16.159 INFO Prepared beacon proposer                parent_root: 0xc5e35b038bb27ba3fa1d2d7dbbd204ff2c324dd3d7ffba8f1680467c8207bace, validator: 115, prepare_slot: 32, service: beacon
Dec 01 01:40:17.001 INFO Synced                                  slot: 31, block: 0xc5e3…bace, epoch: 0, finalized_epoch: 0, finalized_root: 0xf872…f8fe, exec_hash: 0xaa41…1955 (verified), peers: 2, service: slot_notifier
Dec 01 01:40:18.003 INFO Prepared beacon proposer                parent_root: 0xc5e35b038bb27ba3fa1d2d7dbbd204ff2c324dd3d7ffba8f1680467c8207bace, validator: 79, prepare_slot: 33, service: beacon
Dec 01 01:40:18.127 INFO New block received                      root: 0x3e3c06bedf233020e8134680bd60d1100c04beb5d89ef4b9b4b25741fdb1fce9, slot: 32
Dec 01 01:40:18.187 INFO Prepared beacon proposer                parent_root: 0x3e3c06bedf233020e8134680bd60d1100c04beb5d89ef4b9b4b25741fdb1fce9, validator: 79, prepare_slot: 33, service: beacon
Dec 01 01:40:19.000 INFO Synced                                  slot: 32, block: 0x3e3c…fce9, epoch: 1, finalized_epoch: 0, finalized_root: 0xf872…f8fe, exec_hash: 0x947b…0a6f (verified), peers: 2, service: slot_notifier
Dec 01 01:40:20.002 INFO Prepared beacon proposer                parent_root: 0x3e3c06bedf233020e8134680bd60d1100c04beb5d89ef4b9b4b25741fdb1fce9, validator: 54, prepare_slot: 34, service: beacon
Dec 01 01:40:20.121 INFO New block received                      root: 0xfea27f301eabd3fadf2a2015947998afd2f650687e6e8c082cfa499d3570510c, slot: 33
Dec 01 01:40:20.142 INFO Prepared beacon proposer                parent_root: 0xfea27f301eabd3fadf2a2015947998afd2f650687e6e8c082cfa499d3570510c, validator: 54, prepare_slot: 34, service: beacon
Dec 01 01:40:21.001 INFO Synced                                  slot: 33, block: 0xfea2…510c, epoch: 1, finalized_epoch: 0, finalized_root: 0xf872…f8fe, exec_hash: 0xea2a…a704 (verified), peers: 2, service: slot_notifier
Dec 01 01:40:22.002 INFO Prepared beacon proposer                parent_root: 0xfea27f301eabd3fadf2a2015947998afd2f650687e6e8c082cfa499d3570510c, validator: 123, prepare_slot: 35, service: beacon
Dec 01 01:40:22.111 INFO New block received                      root: 0xa3909014ab0c00d679d5f791b7492fd67842f0a34be2f402fbd5f9e090eb25c1, slot: 34
Dec 01 01:40:22.145 INFO Prepared beacon proposer                parent_root: 0xa3909014ab0c00d679d5f791b7492fd67842f0a34be2f402fbd5f9e090eb25c1, validator: 123, prepare_slot: 35, service: beacon
Dec 01 01:40:23.001 INFO Synced                                  slot: 34, block: 0xa390…25c1, epoch: 1, finalized_epoch: 0, finalized_root: 0xf872…f8fe, exec_hash: 0x2413…3042 (verified), peers: 2, service: slot_notifier
Dec 01 01:40:24.002 INFO Prepared beacon proposer                parent_root: 0xa3909014ab0c00d679d5f791b7492fd67842f0a34be2f402fbd5f9e090eb25c1, validator: 53, prepare_slot: 36, service: beacon
Dec 01 01:40:24.048 INFO New block received                      root: 0x73d25585f52c92c95ccf952b496bbd746879905521e3f42e204bc3747c786216, slot: 35
Dec 01 01:40:24.096 INFO Prepared beacon proposer                parent_root: 0x73d25585f52c92c95ccf952b496bbd746879905521e3f42e204bc3747c786216, validator: 53, prepare_slot: 36, service: beacon
Dec 01 01:40:25.001 INFO Synced                                  slot: 35, block: 0x73d2…6216, epoch: 1, finalized_epoch: 0, finalized_root: 0xf872…f8fe, exec_hash: 0xeec1…1d77 (verified), peers: 2, service: slot_notifier
Dec 01 01:40:26.003 INFO Prepared beacon proposer                parent_root: 0x73d25585f52c92c95ccf952b496bbd746879905521e3f42e204bc3747c786216, validator: 116, prepare_slot: 37, service: beacon
Dec 01 01:40:26.111 INFO New block received                      root: 0x65dfa2f7c30a47f817747558725a3fb0b4ba5981fc00bcb8266973c1e258d883, slot: 36
Dec 01 01:40:26.126 INFO Prepared beacon proposer                parent_root: 0x65dfa2f7c30a47f817747558725a3fb0b4ba5981fc00bcb8266973c1e258d883, validator: 116, prepare_slot: 37, service: beacon
Dec 01 01:40:27.001 INFO Synced                                  slot: 36, block: 0x65df…d883, epoch: 1, finalized_epoch: 0, finalized_root: 0xf872…f8fe, exec_hash: 0xd8b5…04e6 (verified), peers: 2, service: slot_notifier
Dec 01 01:40:28.002 INFO Prepared beacon proposer                parent_root: 0x65dfa2f7c30a47f817747558725a3fb0b4ba5981fc00bcb8266973c1e258d883, validator: 49, prepare_slot: 38, service: beacon
Dec 01 01:40:28.113 INFO New block received                      root: 0x3bd47adfb454caadc0d6c14c012c22135abc224d3c106760d366c6bdb555181a, slot: 37
Dec 01 01:40:28.132 INFO Prepared beacon proposer                parent_root: 0x3bd47adfb454caadc0d6c14c012c22135abc224d3c106760d366c6bdb555181a, validator: 49, prepare_slot: 38, service: beacon
Dec 01 01:40:29.001 INFO Synced                                  slot: 37, block: 0x3bd4…181a, epoch: 1, finalized_epoch: 0, finalized_root: 0xf872…f8fe, exec_hash: 0x3625…4bbe (verified), peers: 2, service: slot_notifier
Dec 01 01:40:30.001 INFO Prepared beacon proposer                parent_root: 0x3bd47adfb454caadc0d6c14c012c22135abc224d3c106760d366c6bdb555181a, validator: 12, prepare_slot: 39, service: beacon
Dec 01 01:40:30.098 INFO New block received                      root: 0x1d7d8ca5ce25b607e79a45204eb5c9e8de2cb42c6e8c92d871ce492fb5cee5c6, slot: 38
Dec 01 01:40:30.120 INFO Prepared beacon proposer                parent_root: 0x1d7d8ca5ce25b607e79a45204eb5c9e8de2cb42c6e8c92d871ce492fb5cee5c6, validator: 12, prepare_slot: 39, service: beacon
Dec 01 01:40:31.000 INFO Synced                                  slot: 38, block: 0x1d7d…e5c6, epoch: 1, finalized_epoch: 0, finalized_root: 0xf872…f8fe, exec_hash: 0x5c96…67ce (verified), peers: 2, service: slot_notifier
Dec 01 01:40:32.002 INFO Prepared beacon proposer                parent_root: 0x1d7d8ca5ce25b607e79a45204eb5c9e8de2cb42c6e8c92d871ce492fb5cee5c6, validator: 108, prepare_slot: 40, service: beacon
Dec 01 01:40:32.120 INFO New block received                      root: 0xb39b9baf97cd7c8a494e28a93a90c1525342548142fcb3ec12f19b4153721f46, slot: 39
Dec 01 01:40:32.148 INFO Prepared beacon proposer                parent_root: 0xb39b9baf97cd7c8a494e28a93a90c1525342548142fcb3ec12f19b4153721f46, validator: 108, prepare_slot: 40, service: beacon
Dec 01 01:40:33.000 INFO Synced                                  slot: 39, block: 0xb39b…1f46, epoch: 1, finalized_epoch: 0, finalized_root: 0xf872…f8fe, exec_hash: 0x8329…96c7 (verified), peers: 2, service: slot_notifier
Dec 01 01:40:34.001 INFO Prepared beacon proposer                parent_root: 0xb39b9baf97cd7c8a494e28a93a90c1525342548142fcb3ec12f19b4153721f46, validator: 67, prepare_slot: 41, service: beacon
Dec 01 01:40:34.045 INFO New block received                      root: 0x33596d6694633c3b4c20220f1f398684f6451f571f32ba3dd26364647f558e02, slot: 40
Dec 01 01:40:34.069 INFO Prepared beacon proposer                parent_root: 0x33596d6694633c3b4c20220f1f398684f6451f571f32ba3dd26364647f558e02, validator: 67, prepare_slot: 41, service: beacon
Dec 01 01:40:35.001 INFO Synced                                  slot: 40, block: 0x3359…8e02, epoch: 1, finalized_epoch: 0, finalized_root: 0xf872…f8fe, exec_hash: 0xd77f…c8b4 (verified), peers: 2, service: slot_notifier
Dec 01 01:40:36.002 INFO Prepared beacon proposer                parent_root: 0x33596d6694633c3b4c20220f1f398684f6451f571f32ba3dd26364647f558e02, validator: 83, prepare_slot: 42, service: beacon
Dec 01 01:40:36.103 INFO New block received                      root: 0xfe86e3ca78725775146bf890a6bc84deec38396e121a1f3c44786295a8d5c84c, slot: 41
Dec 01 01:40:36.125 INFO Prepared beacon proposer                parent_root: 0xfe86e3ca78725775146bf890a6bc84deec38396e121a1f3c44786295a8d5c84c, validator: 83, prepare_slot: 42, service: beacon
Dec 01 01:40:37.000 INFO Synced                                  slot: 41, block: 0xfe86…c84c, epoch: 1, finalized_epoch: 0, finalized_root: 0xf872…f8fe, exec_hash: 0xda96…8625 (verified), peers: 2, service: slot_notifier
Dec 01 01:40:38.002 INFO Prepared beacon proposer                parent_root: 0xfe86e3ca78725775146bf890a6bc84deec38396e121a1f3c44786295a8d5c84c, validator: 33, prepare_slot: 43, service: beacon
Dec 01 01:40:38.108 INFO New block received                      root: 0x56861d2582fa59a923efdffdf6cc0a097b491683a67f78673bf32dba212cab58, slot: 42
Dec 01 01:40:38.120 INFO Prepared beacon proposer                parent_root: 0x56861d2582fa59a923efdffdf6cc0a097b491683a67f78673bf32dba212cab58, validator: 33, prepare_slot: 43, service: beacon
Dec 01 01:40:39.001 INFO Synced                                  slot: 42, block: 0x5686…ab58, epoch: 1, finalized_epoch: 0, finalized_root: 0xf872…f8fe, exec_hash: 0x5744…0295 (verified), peers: 2, service: slot_notifier
Dec 01 01:40:40.002 INFO Prepared beacon proposer                parent_root: 0x56861d2582fa59a923efdffdf6cc0a097b491683a67f78673bf32dba212cab58, validator: 18, prepare_slot: 44, service: beacon
Dec 01 01:40:40.118 INFO New block received                      root: 0xe6f7ce07b70d029206c4d6459a7ef909e95a86b24fb0434f1d6f34dd775a79b2, slot: 43
Dec 01 01:40:40.167 INFO Prepared beacon proposer                parent_root: 0xe6f7ce07b70d029206c4d6459a7ef909e95a86b24fb0434f1d6f34dd775a79b2, validator: 18, prepare_slot: 44, service: beacon
Dec 01 01:40:41.000 INFO Synced                                  slot: 43, block: 0xe6f7…79b2, epoch: 1, finalized_epoch: 0, finalized_root: 0xf872…f8fe, exec_hash: 0xedf1…bb38 (verified), peers: 2, service: slot_notifier
Dec 01 01:40:42.002 INFO Prepared beacon proposer                parent_root: 0xe6f7ce07b70d029206c4d6459a7ef909e95a86b24fb0434f1d6f34dd775a79b2, validator: 74, prepare_slot: 45, service: beacon
Dec 01 01:40:42.112 INFO New block received                      root: 0xece3b3ec3b1bfa5a4e612e19d0ed40e97e520aa2f2c059577bb8cd4c25d63cfc, slot: 44
Dec 01 01:40:42.143 INFO Prepared beacon proposer                parent_root: 0xece3b3ec3b1bfa5a4e612e19d0ed40e97e520aa2f2c059577bb8cd4c25d63cfc, validator: 74, prepare_slot: 45, service: beacon
Dec 01 01:40:43.001 INFO Synced                                  slot: 44, block: 0xece3…3cfc, epoch: 1, finalized_epoch: 0, finalized_root: 0xf872…f8fe, exec_hash: 0x9abf…647a (verified), peers: 2, service: slot_notifier
Dec 01 01:40:44.001 INFO Prepared beacon proposer                parent_root: 0xece3b3ec3b1bfa5a4e612e19d0ed40e97e520aa2f2c059577bb8cd4c25d63cfc, validator: 24, prepare_slot: 46, service: beacon
Dec 01 01:40:44.120 INFO New block received                      root: 0x7b46e05a606e902278def9db40dbf7cfc33707984085f98298d58bcff33b74c4, slot: 45
Dec 01 01:40:44.156 INFO Prepared beacon proposer                parent_root: 0x7b46e05a606e902278def9db40dbf7cfc33707984085f98298d58bcff33b74c4, validator: 24, prepare_slot: 46, service: beacon
Dec 01 01:40:45.001 INFO Synced                                  slot: 45, block: 0x7b46…74c4, epoch: 1, finalized_epoch: 0, finalized_root: 0xf872…f8fe, exec_hash: 0x40b0…4c07 (verified), peers: 2, service: slot_notifier
Dec 01 01:40:46.002 INFO Prepared beacon proposer                parent_root: 0x7b46e05a606e902278def9db40dbf7cfc33707984085f98298d58bcff33b74c4, validator: 70, prepare_slot: 47, service: beacon
Dec 01 01:40:46.116 INFO New block received                      root: 0xace00cc7326e54cb7658c2b030aa78a548091a463ef6c017c4fd39a68e2052c0, slot: 46
Dec 01 01:40:46.136 INFO Prepared beacon proposer                parent_root: 0xace00cc7326e54cb7658c2b030aa78a548091a463ef6c017c4fd39a68e2052c0, validator: 70, prepare_slot: 47, service: beacon
Dec 01 01:40:47.001 INFO Synced                                  slot: 46, block: 0xace0…52c0, epoch: 1, finalized_epoch: 0, finalized_root: 0xf872…f8fe, exec_hash: 0x651d…30de (verified), peers: 2, service: slot_notifier
Dec 01 01:40:48.002 INFO Prepared beacon proposer                parent_root: 0xace00cc7326e54cb7658c2b030aa78a548091a463ef6c017c4fd39a68e2052c0, validator: 2, prepare_slot: 48, service: beacon
Dec 01 01:40:48.116 INFO New block received                      root: 0x58cec7a2eadd1c142785f633f6c9e5db6c227721f5f2882400e1c363d149c9ca, slot: 47
Dec 01 01:40:48.136 INFO Prepared beacon proposer                parent_root: 0x58cec7a2eadd1c142785f633f6c9e5db6c227721f5f2882400e1c363d149c9ca, validator: 2, prepare_slot: 48, service: beacon
Dec 01 01:40:49.000 INFO Synced                                  slot: 47, block: 0x58ce…c9ca, epoch: 1, finalized_epoch: 0, finalized_root: 0xf872…f8fe, exec_hash: 0x7784…8263 (verified), peers: 2, service: slot_notifier
Dec 01 01:40:50.002 INFO Prepared beacon proposer                parent_root: 0x58cec7a2eadd1c142785f633f6c9e5db6c227721f5f2882400e1c363d149c9ca, validator: 7, prepare_slot: 49, service: beacon
Dec 01 01:40:50.116 INFO New block received                      root: 0xe84c63d76562fe6315972951df40c94a2821f056b93e90e6fb57fdd90aeffec6, slot: 48
Dec 01 01:40:50.142 INFO Prepared beacon proposer                parent_root: 0xe84c63d76562fe6315972951df40c94a2821f056b93e90e6fb57fdd90aeffec6, validator: 7, prepare_slot: 49, service: beacon
Dec 01 01:40:51.001 INFO Synced                                  slot: 48, block: 0xe84c…fec6, epoch: 1, finalized_epoch: 0, finalized_root: 0xf872…f8fe, exec_hash: 0xa257…25e4 (verified), peers: 2, service: slot_notifier
Dec 01 01:40:52.003 INFO Prepared beacon proposer                parent_root: 0xe84c63d76562fe6315972951df40c94a2821f056b93e90e6fb57fdd90aeffec6, validator: 26, prepare_slot: 50, service: beacon
Dec 01 01:40:52.112 INFO New block received                      root: 0x3aa8a1e886a845fb695265f705a8127f9323f4635317090bfdebf708a0f90fa2, slot: 49
Dec 01 01:40:52.134 INFO Prepared beacon proposer                parent_root: 0x3aa8a1e886a845fb695265f705a8127f9323f4635317090bfdebf708a0f90fa2, validator: 26, prepare_slot: 50, service: beacon
Dec 01 01:40:53.000 INFO Synced                                  slot: 49, block: 0x3aa8…0fa2, epoch: 1, finalized_epoch: 0, finalized_root: 0xf872…f8fe, exec_hash: 0xea38…2446 (verified), peers: 2, service: slot_notifier
Dec 01 01:40:54.001 INFO Prepared beacon proposer                parent_root: 0x3aa8a1e886a845fb695265f705a8127f9323f4635317090bfdebf708a0f90fa2, validator: 17, prepare_slot: 51, service: beacon
Dec 01 01:40:54.108 INFO New block received                      root: 0x17239f0d2afe48e7077cb64b526015f1198b402696566ff3fa75a942df7a0e1f, slot: 50
Dec 01 01:40:54.129 INFO Prepared beacon proposer                parent_root: 0x17239f0d2afe48e7077cb64b526015f1198b402696566ff3fa75a942df7a0e1f, validator: 17, prepare_slot: 51, service: beacon
Dec 01 01:40:55.001 INFO Synced                                  slot: 50, block: 0x1723…0e1f, epoch: 1, finalized_epoch: 0, finalized_root: 0xf872…f8fe, exec_hash: 0xc538…f184 (verified), peers: 2, service: slot_notifier
Dec 01 01:40:56.002 INFO Prepared beacon proposer                parent_root: 0x17239f0d2afe48e7077cb64b526015f1198b402696566ff3fa75a942df7a0e1f, validator: 72, prepare_slot: 52, service: beacon
Dec 01 01:40:56.105 INFO New block received                      root: 0x7d2ae54956665703ee345304b953112e3cbfb3da47c968f3213b04bd54bdb512, slot: 51
Dec 01 01:40:56.114 INFO Prepared beacon proposer                parent_root: 0x7d2ae54956665703ee345304b953112e3cbfb3da47c968f3213b04bd54bdb512, validator: 72, prepare_slot: 52, service: beacon
Dec 01 01:40:57.004 INFO Synced                                  slot: 51, block: 0x7d2a…b512, epoch: 1, finalized_epoch: 0, finalized_root: 0xf872…f8fe, exec_hash: 0xa0df…85e7 (verified), peers: 2, service: slot_notifier
Dec 01 01:40:58.001 INFO Prepared beacon proposer                parent_root: 0x7d2ae54956665703ee345304b953112e3cbfb3da47c968f3213b04bd54bdb512, validator: 80, prepare_slot: 53, service: beacon
Dec 01 01:40:58.108 INFO New block received                      root: 0x2abd38fa3caf8d226ac356cea89151aca43ea9a26dfd2c4c470a1dbb37acb5af, slot: 52
Dec 01 01:40:58.131 INFO Prepared beacon proposer                parent_root: 0x2abd38fa3caf8d226ac356cea89151aca43ea9a26dfd2c4c470a1dbb37acb5af, validator: 80, prepare_slot: 53, service: beacon
Dec 01 01:40:59.001 INFO Synced                                  slot: 52, block: 0x2abd…b5af, epoch: 1, finalized_epoch: 0, finalized_root: 0xf872…f8fe, exec_hash: 0x48c7…9051 (verified), peers: 2, service: slot_notifier
Dec 01 01:41:00.002 INFO Prepared beacon proposer                parent_root: 0x2abd38fa3caf8d226ac356cea89151aca43ea9a26dfd2c4c470a1dbb37acb5af, validator: 84, prepare_slot: 54, service: beacon
Dec 01 01:41:00.120 INFO New block received                      root: 0x376a4cdd43f9b461eab962368e54e98958fe62c0562c297459046df305d9b3d9, slot: 53
Dec 01 01:41:00.166 INFO Prepared beacon proposer                parent_root: 0x376a4cdd43f9b461eab962368e54e98958fe62c0562c297459046df305d9b3d9, validator: 84, prepare_slot: 54, service: beacon
Dec 01 01:41:01.001 INFO Synced                                  slot: 53, block: 0x376a…b3d9, epoch: 1, finalized_epoch: 0, finalized_root: 0xf872…f8fe, exec_hash: 0x5cce…4a61 (verified), peers: 2, service: slot_notifier
Dec 01 01:41:02.002 INFO Prepared beacon proposer                parent_root: 0x376a4cdd43f9b461eab962368e54e98958fe62c0562c297459046df305d9b3d9, validator: 105, prepare_slot: 55, service: beacon
Dec 01 01:41:02.107 INFO New block received                      root: 0x171efef73bb2ac091e097bcbdd761766827e6e79e75ffdd2dcf34ff1903df8fe, slot: 54
Dec 01 01:41:02.155 INFO Prepared beacon proposer                parent_root: 0x171efef73bb2ac091e097bcbdd761766827e6e79e75ffdd2dcf34ff1903df8fe, validator: 105, prepare_slot: 55, service: beacon
Dec 01 01:41:03.001 INFO Synced                                  slot: 54, block: 0x171e…f8fe, epoch: 1, finalized_epoch: 0, finalized_root: 0xf872…f8fe, exec_hash: 0x9d71…2413 (verified), peers: 2, service: slot_notifier
Dec 01 01:41:04.001 INFO Prepared beacon proposer                parent_root: 0x171efef73bb2ac091e097bcbdd761766827e6e79e75ffdd2dcf34ff1903df8fe, validator: 94, prepare_slot: 56, service: beacon
Dec 01 01:41:04.121 INFO New block received                      root: 0x938dfb0b881e6603c02789b442908afeb633144be33c0adf2234fa5eb2e6d1e5, slot: 55
Dec 01 01:41:04.184 INFO Prepared beacon proposer                parent_root: 0x938dfb0b881e6603c02789b442908afeb633144be33c0adf2234fa5eb2e6d1e5, validator: 94, prepare_slot: 56, service: beacon
Dec 01 01:41:05.000 INFO Synced                                  slot: 55, block: 0x938d…d1e5, epoch: 1, finalized_epoch: 0, finalized_root: 0xf872…f8fe, exec_hash: 0x3fb6…fd41 (verified), peers: 2, service: slot_notifier
Dec 01 01:41:06.002 INFO Prepared beacon proposer                parent_root: 0x938dfb0b881e6603c02789b442908afeb633144be33c0adf2234fa5eb2e6d1e5, validator: 54, prepare_slot: 57, service: beacon
Dec 01 01:41:06.118 INFO New block received                      root: 0x0b94d01c300206c49c9daae2c417a60d8c6d588c737824a945a62db36f3490e9, slot: 56
Dec 01 01:41:06.170 INFO Prepared beacon proposer                parent_root: 0x0b94d01c300206c49c9daae2c417a60d8c6d588c737824a945a62db36f3490e9, validator: 54, prepare_slot: 57, service: beacon
Dec 01 01:41:07.001 INFO Synced                                  slot: 56, block: 0x0b94…90e9, epoch: 1, finalized_epoch: 0, finalized_root: 0xf872…f8fe, exec_hash: 0x911f…71bd (verified), peers: 2, service: slot_notifier
Dec 01 01:41:08.001 INFO Prepared beacon proposer                parent_root: 0x0b94d01c300206c49c9daae2c417a60d8c6d588c737824a945a62db36f3490e9, validator: 19, prepare_slot: 58, service: beacon
Dec 01 01:41:08.110 INFO New block received                      root: 0xec9a811200ef300267c426f15612acdce553c223de6f0762a8a91b9a3e01aadf, slot: 57
Dec 01 01:41:08.139 INFO Prepared beacon proposer                parent_root: 0xec9a811200ef300267c426f15612acdce553c223de6f0762a8a91b9a3e01aadf, validator: 19, prepare_slot: 58, service: beacon
Dec 01 01:41:09.001 INFO Synced                                  slot: 57, block: 0xec9a…aadf, epoch: 1, finalized_epoch: 0, finalized_root: 0xf872…f8fe, exec_hash: 0x3c60…0400 (verified), peers: 2, service: slot_notifier
Dec 01 01:41:10.000 INFO Prepared beacon proposer                parent_root: 0xec9a811200ef300267c426f15612acdce553c223de6f0762a8a91b9a3e01aadf, validator: 79, prepare_slot: 59, service: beacon
Dec 01 01:41:10.029 INFO New block received                      root: 0xf6911e5e3744031b02f252f325760e492625bdc3c348640d63f8e7f404189803, slot: 58
Dec 01 01:41:10.040 INFO Prepared beacon proposer                parent_root: 0xf6911e5e3744031b02f252f325760e492625bdc3c348640d63f8e7f404189803, validator: 79, prepare_slot: 59, service: beacon
Dec 01 01:41:11.000 INFO Synced                                  slot: 58, block: 0xf691…9803, epoch: 1, finalized_epoch: 0, finalized_root: 0xf872…f8fe, exec_hash: 0x88c0…99c0 (verified), peers: 2, service: slot_notifier
Dec 01 01:41:12.001 INFO Prepared beacon proposer                parent_root: 0xf6911e5e3744031b02f252f325760e492625bdc3c348640d63f8e7f404189803, validator: 76, prepare_slot: 60, service: beacon
Dec 01 01:41:12.028 INFO New block received                      root: 0x96612a1d02e32b1930cf141638266404f7b1ae4d890144b01d4c7e5b58501efa, slot: 59
Dec 01 01:41:12.041 INFO Prepared beacon proposer                parent_root: 0x96612a1d02e32b1930cf141638266404f7b1ae4d890144b01d4c7e5b58501efa, validator: 76, prepare_slot: 60, service: beacon
Dec 01 01:41:13.000 INFO Synced                                  slot: 59, block: 0x9661…1efa, epoch: 1, finalized_epoch: 0, finalized_root: 0xf872…f8fe, exec_hash: 0x6b40…94ba (verified), peers: 2, service: slot_notifier
Dec 01 01:41:14.001 INFO Prepared beacon proposer                parent_root: 0x96612a1d02e32b1930cf141638266404f7b1ae4d890144b01d4c7e5b58501efa, validator: 25, prepare_slot: 61, service: beacon
Dec 01 01:41:14.032 INFO New block received                      root: 0xed85da0d1bd96dabb6ae4a703ff7c00bee89582454c0fa2a14889f2c8e08e5bc, slot: 60
Dec 01 01:41:14.044 INFO Prepared beacon proposer                parent_root: 0xed85da0d1bd96dabb6ae4a703ff7c00bee89582454c0fa2a14889f2c8e08e5bc, validator: 25, prepare_slot: 61, service: beacon
Dec 01 01:41:15.000 INFO Synced                                  slot: 60, block: 0xed85…e5bc, epoch: 1, finalized_epoch: 0, finalized_root: 0xf872…f8fe, exec_hash: 0x4956…ff08 (verified), peers: 2, service: slot_notifier
Dec 01 01:41:16.001 INFO Prepared beacon proposer                parent_root: 0xed85da0d1bd96dabb6ae4a703ff7c00bee89582454c0fa2a14889f2c8e08e5bc, validator: 29, prepare_slot: 62, service: beacon
Dec 01 01:41:16.108 INFO New block received                      root: 0xa9087cff8a534dbc5faefaa00ea2c334032549331f3ad3db48ada8f9a734e68e, slot: 61
Dec 01 01:41:16.118 INFO Prepared beacon proposer                parent_root: 0xa9087cff8a534dbc5faefaa00ea2c334032549331f3ad3db48ada8f9a734e68e, validator: 29, prepare_slot: 62, service: beacon
Dec 01 01:41:17.000 INFO Synced                                  slot: 61, block: 0xa908…e68e, epoch: 1, finalized_epoch: 0, finalized_root: 0xf872…f8fe, exec_hash: 0x85e0…c051 (verified), peers: 2, service: slot_notifier
Dec 01 01:41:18.001 INFO Prepared beacon proposer                parent_root: 0xa9087cff8a534dbc5faefaa00ea2c334032549331f3ad3db48ada8f9a734e68e, validator: 115, prepare_slot: 63, service: beacon
Dec 01 01:41:18.028 INFO New block received                      root: 0x11e03a76922f7d56c312b1847be323e683ad424ed2e3e5fe0db75ef200f5e2ac, slot: 62
Dec 01 01:41:18.046 INFO Prepared beacon proposer                parent_root: 0x11e03a76922f7d56c312b1847be323e683ad424ed2e3e5fe0db75ef200f5e2ac, validator: 115, prepare_slot: 63, service: beacon
Dec 01 01:41:19.000 INFO Synced                                  slot: 62, block: 0x11e0…e2ac, epoch: 1, finalized_epoch: 0, finalized_root: 0xf872…f8fe, exec_hash: 0xb048…9a65 (verified), peers: 2, service: slot_notifier
Dec 01 01:41:20.002 INFO Prepared beacon proposer                parent_root: 0x11e03a76922f7d56c312b1847be323e683ad424ed2e3e5fe0db75ef200f5e2ac, validator: 53, prepare_slot: 64, service: beacon
Dec 01 01:41:20.115 INFO New block received                      root: 0xece6b7e5da405dcd0cfea79ccb8470a52a9797d1ae79a91c341ea5b77fda7dd8, slot: 63
Dec 01 01:41:20.148 INFO Prepared beacon proposer                parent_root: 0xece6b7e5da405dcd0cfea79ccb8470a52a9797d1ae79a91c341ea5b77fda7dd8, validator: 53, prepare_slot: 64, service: beacon
Dec 01 01:41:21.000 INFO Synced                                  slot: 63, block: 0xece6…7dd8, epoch: 1, finalized_epoch: 0, finalized_root: 0xf872…f8fe, exec_hash: 0xab1a…1779 (verified), peers: 2, service: slot_notifier
Dec 01 01:41:22.002 INFO Prepared beacon proposer                parent_root: 0xece6b7e5da405dcd0cfea79ccb8470a52a9797d1ae79a91c341ea5b77fda7dd8, validator: 71, prepare_slot: 65, service: beacon
Dec 01 01:41:23.000 INFO Synced                                  slot: 64, block:    …  empty, epoch: 2, finalized_epoch: 0, finalized_root: 0xf872…f8fe, exec_hash: 0xab1a…1779 (verified), peers: 2, service: slot_notifier
Dec 01 01:41:24.001 INFO Prepared beacon proposer                parent_root: 0xece6b7e5da405dcd0cfea79ccb8470a52a9797d1ae79a91c341ea5b77fda7dd8, validator: 84, prepare_slot: 66, service: beacon
Dec 01 01:41:24.123 INFO New block received                      root: 0xd37823802780ddc794f23bb53050085c20efeee248017c46b1ec52b04d2d9bd7, slot: 65
Dec 01 01:41:24.186 INFO Prepared beacon proposer                parent_root: 0xd37823802780ddc794f23bb53050085c20efeee248017c46b1ec52b04d2d9bd7, validator: 84, prepare_slot: 66, service: beacon
Dec 01 01:41:25.001 INFO Synced                                  slot: 65, block: 0xd378…9bd7, epoch: 2, finalized_epoch: 0, finalized_root: 0xf872…f8fe, exec_hash: 0x55e3…6315 (verified), peers: 2, service: slot_notifier
Dec 01 01:41:26.001 INFO Prepared beacon proposer                parent_root: 0xd37823802780ddc794f23bb53050085c20efeee248017c46b1ec52b04d2d9bd7, validator: 71, prepare_slot: 67, service: beacon
Dec 01 01:41:26.027 INFO New block received                      root: 0xd5d12be8dc44dae8304b443ca0548f52d15acbe7b77e00d0a61c5de41fd704ac, slot: 66
Dec 01 01:41:26.039 INFO Prepared beacon proposer                parent_root: 0xd5d12be8dc44dae8304b443ca0548f52d15acbe7b77e00d0a61c5de41fd704ac, validator: 71, prepare_slot: 67, service: beacon
Dec 01 01:41:27.001 INFO Synced                                  slot: 66, block: 0xd5d1…04ac, epoch: 2, finalized_epoch: 0, finalized_root: 0xf872…f8fe, exec_hash: 0xa363…203a (verified), peers: 2, service: slot_notifier
Dec 01 01:41:28.001 INFO Prepared beacon proposer                parent_root: 0xd5d12be8dc44dae8304b443ca0548f52d15acbe7b77e00d0a61c5de41fd704ac, validator: 81, prepare_slot: 68, service: beacon
Dec 01 01:41:28.031 INFO New block received                      root: 0xf327823e62f110e3ff1d134e40068315ff1aae34af366fb1fa96a8320157718a, slot: 67
Dec 01 01:41:28.043 INFO Prepared beacon proposer                parent_root: 0xf327823e62f110e3ff1d134e40068315ff1aae34af366fb1fa96a8320157718a, validator: 81, prepare_slot: 68, service: beacon
Dec 01 01:41:29.000 INFO Synced                                  slot: 67, block: 0xf327…718a, epoch: 2, finalized_epoch: 0, finalized_root: 0xf872…f8fe, exec_hash: 0x647e…0922 (verified), peers: 2, service: slot_notifier
Dec 01 01:41:30.002 INFO Prepared beacon proposer                parent_root: 0xf327823e62f110e3ff1d134e40068315ff1aae34af366fb1fa96a8320157718a, validator: 87, prepare_slot: 69, service: beacon
Dec 01 01:41:30.019 INFO New block received                      root: 0xfd4d1b43cb5b3dc24ce2d0be076f61f9ff0cebdfede57750a27117ebaf831821, slot: 68
Dec 01 01:41:30.029 INFO Prepared beacon proposer                parent_root: 0xfd4d1b43cb5b3dc24ce2d0be076f61f9ff0cebdfede57750a27117ebaf831821, validator: 87, prepare_slot: 69, service: beacon
Dec 01 01:41:31.000 INFO Synced                                  slot: 68, block: 0xfd4d…1821, epoch: 2, finalized_epoch: 0, finalized_root: 0xf872…f8fe, exec_hash: 0x3680…de15 (verified), peers: 2, service: slot_notifier
Dec 01 01:41:32.002 INFO Prepared beacon proposer                parent_root: 0xfd4d1b43cb5b3dc24ce2d0be076f61f9ff0cebdfede57750a27117ebaf831821, validator: 48, prepare_slot: 70, service: beacon
Dec 01 01:41:32.098 INFO New block received                      root: 0xf3db01b579e3d76e2bd51ba1bd723419cf5835ff88fc690877790df628155b8e, slot: 69
Dec 01 01:41:32.120 INFO Prepared beacon proposer                parent_root: 0xf3db01b579e3d76e2bd51ba1bd723419cf5835ff88fc690877790df628155b8e, validator: 48, prepare_slot: 70, service: beacon
Dec 01 01:41:33.001 INFO Synced                                  slot: 69, block: 0xf3db…5b8e, epoch: 2, finalized_epoch: 0, finalized_root: 0xf872…f8fe, exec_hash: 0x4057…eb64 (verified), peers: 2, service: slot_notifier
Dec 01 01:41:34.002 INFO Prepared beacon proposer                parent_root: 0xf3db01b579e3d76e2bd51ba1bd723419cf5835ff88fc690877790df628155b8e, validator: 123, prepare_slot: 71, service: beacon
Dec 01 01:41:34.110 INFO New block received                      root: 0x4e59cf16c24c7349e5d0895f74da9e4d6227b3b9c78a1f874e0d78c197fd2fa5, slot: 70
Dec 01 01:41:34.136 INFO Prepared beacon proposer                parent_root: 0x4e59cf16c24c7349e5d0895f74da9e4d6227b3b9c78a1f874e0d78c197fd2fa5, validator: 123, prepare_slot: 71, service: beacon
Dec 01 01:41:35.000 INFO Synced                                  slot: 70, block: 0x4e59…2fa5, epoch: 2, finalized_epoch: 0, finalized_root: 0xf872…f8fe, exec_hash: 0xdd94…1056 (verified), peers: 2, service: slot_notifier
Dec 01 01:41:36.002 INFO Prepared beacon proposer                parent_root: 0x4e59cf16c24c7349e5d0895f74da9e4d6227b3b9c78a1f874e0d78c197fd2fa5, validator: 27, prepare_slot: 72, service: beacon
Dec 01 01:41:36.107 INFO New block received                      root: 0x9fa55acd8180819fd4868b300eb9c57439d51437748d7ea88b849e40953ca943, slot: 71
Dec 01 01:41:36.127 INFO Prepared beacon proposer                parent_root: 0x9fa55acd8180819fd4868b300eb9c57439d51437748d7ea88b849e40953ca943, validator: 27, prepare_slot: 72, service: beacon
Dec 01 01:41:37.000 INFO Synced                                  slot: 71, block: 0x9fa5…a943, epoch: 2, finalized_epoch: 0, finalized_root: 0xf872…f8fe, exec_hash: 0xdb37…debc (verified), peers: 2, service: slot_notifier
Dec 01 01:41:38.002 INFO Prepared beacon proposer                parent_root: 0x9fa55acd8180819fd4868b300eb9c57439d51437748d7ea88b849e40953ca943, validator: 117, prepare_slot: 73, service: beacon
Dec 01 01:41:38.112 INFO New block received                      root: 0xd70eea0628281f571f6b745bf29e735061d7cb5d9ec76bfd5593dc911ca403f0, slot: 72
Dec 01 01:41:38.125 INFO Prepared beacon proposer                parent_root: 0xd70eea0628281f571f6b745bf29e735061d7cb5d9ec76bfd5593dc911ca403f0, validator: 117, prepare_slot: 73, service: beacon
Dec 01 01:41:39.000 INFO Synced                                  slot: 72, block: 0xd70e…03f0, epoch: 2, finalized_epoch: 0, finalized_root: 0xf872…f8fe, exec_hash: 0xa9c5…c85e (verified), peers: 2, service: slot_notifier
Dec 01 01:41:40.003 INFO Prepared beacon proposer                parent_root: 0xd70eea0628281f571f6b745bf29e735061d7cb5d9ec76bfd5593dc911ca403f0, validator: 77, prepare_slot: 74, service: beacon
Dec 01 01:41:40.115 INFO New block received                      root: 0x465f29e496a88e31313ff2b8d0ad85d84cf6a91384fec2f49c6894578d363e85, slot: 73
Dec 01 01:41:40.158 INFO Prepared beacon proposer                parent_root: 0x465f29e496a88e31313ff2b8d0ad85d84cf6a91384fec2f49c6894578d363e85, validator: 77, prepare_slot: 74, service: beacon
Dec 01 01:41:41.001 INFO Synced                                  slot: 73, block: 0x465f…3e85, epoch: 2, finalized_epoch: 0, finalized_root: 0xf872…f8fe, exec_hash: 0xee20…a9c4 (verified), peers: 2, service: slot_notifier
Dec 01 01:41:42.002 INFO Prepared beacon proposer                parent_root: 0x465f29e496a88e31313ff2b8d0ad85d84cf6a91384fec2f49c6894578d363e85, validator: 93, prepare_slot: 75, service: beacon
Dec 01 01:41:42.126 INFO New block received                      root: 0x0eac507788ec7ad60d0d8db5d26abdd37b87333ed0e4e0e760b9cdf706d17d2d, slot: 74
Dec 01 01:41:42.191 INFO Prepared beacon proposer                parent_root: 0x0eac507788ec7ad60d0d8db5d26abdd37b87333ed0e4e0e760b9cdf706d17d2d, validator: 93, prepare_slot: 75, service: beacon
Dec 01 01:41:43.000 INFO Synced                                  slot: 74, block: 0x0eac…7d2d, epoch: 2, finalized_epoch: 0, finalized_root: 0xf872…f8fe, exec_hash: 0x43f6…a86e (verified), peers: 2, service: slot_notifier
Dec 01 01:41:44.001 INFO Prepared beacon proposer                parent_root: 0x0eac507788ec7ad60d0d8db5d26abdd37b87333ed0e4e0e760b9cdf706d17d2d, validator: 73, prepare_slot: 76, service: beacon
Dec 01 01:41:44.112 INFO New block received                      root: 0x09008868b61305d710a7982c52adeefe44dec51d5b9900fe564dc6afa9caa6d2, slot: 75
Dec 01 01:41:44.136 INFO Prepared beacon proposer                parent_root: 0x09008868b61305d710a7982c52adeefe44dec51d5b9900fe564dc6afa9caa6d2, validator: 73, prepare_slot: 76, service: beacon
Dec 01 01:41:45.001 INFO Synced                                  slot: 75, block: 0x0900…a6d2, epoch: 2, finalized_epoch: 0, finalized_root: 0xf872…f8fe, exec_hash: 0x4e46…94c1 (verified), peers: 2, service: slot_notifier
Dec 01 01:41:46.001 INFO Prepared beacon proposer                parent_root: 0x09008868b61305d710a7982c52adeefe44dec51d5b9900fe564dc6afa9caa6d2, validator: 40, prepare_slot: 77, service: beacon
Dec 01 01:41:46.122 INFO New block received                      root: 0x1c18f1d45acb59e5d5aa3c7a6d7214ef5a02b4c514f287bfa3de0c0d7d921a79, slot: 76
Dec 01 01:41:46.216 INFO Prepared beacon proposer                parent_root: 0x1c18f1d45acb59e5d5aa3c7a6d7214ef5a02b4c514f287bfa3de0c0d7d921a79, validator: 40, prepare_slot: 77, service: beacon
Dec 01 01:41:47.000 INFO Synced                                  slot: 76, block: 0x1c18…1a79, epoch: 2, finalized_epoch: 0, finalized_root: 0xf872…f8fe, exec_hash: 0x3df3…659f (verified), peers: 2, service: slot_notifier
Dec 01 01:41:48.002 INFO Prepared beacon proposer                parent_root: 0x1c18f1d45acb59e5d5aa3c7a6d7214ef5a02b4c514f287bfa3de0c0d7d921a79, validator: 23, prepare_slot: 78, service: beacon
Dec 01 01:41:48.113 INFO New block received                      root: 0xe52e78183be2752192bd608c6eab3f1662cb0d652cb3014e3990b12f684e5912, slot: 77
Dec 01 01:41:48.134 INFO Prepared beacon proposer                parent_root: 0xe52e78183be2752192bd608c6eab3f1662cb0d652cb3014e3990b12f684e5912, validator: 23, prepare_slot: 78, service: beacon
Dec 01 01:41:49.001 INFO Synced                                  slot: 77, block: 0xe52e…5912, epoch: 2, finalized_epoch: 0, finalized_root: 0xf872…f8fe, exec_hash: 0xafc1…448b (verified), peers: 2, service: slot_notifier
Dec 01 01:41:50.002 INFO Prepared beacon proposer                parent_root: 0xe52e78183be2752192bd608c6eab3f1662cb0d652cb3014e3990b12f684e5912, validator: 29, prepare_slot: 79, service: beacon
Dec 01 01:41:50.112 INFO New block received                      root: 0x93924d378f9e057d124f7cec48f8c80273f6aa2e0d81f4ad488891af43a6896b, slot: 78
Dec 01 01:41:50.134 INFO Prepared beacon proposer                parent_root: 0x93924d378f9e057d124f7cec48f8c80273f6aa2e0d81f4ad488891af43a6896b, validator: 29, prepare_slot: 79, service: beacon
Dec 01 01:41:51.000 INFO Synced                                  slot: 78, block: 0x9392…896b, epoch: 2, finalized_epoch: 0, finalized_root: 0xf872…f8fe, exec_hash: 0x5a13…fb92 (verified), peers: 2, service: slot_notifier
