time="2024-12-01T01:39:41Z" level=info msg=starting config=/config/dora-config.yaml release=snapshot version=795c4da
time="2024-12-01T01:39:41Z" level=info msg="initializing sqlite connection to /dora-database.sqlite with 10/50 conn limit" module=db
2024/12/01 01:39:41 OK   20230720234842_init.sql (7.97ms)
2024/12/01 01:39:41 OK   20230820050910_indexer-cache.sql (3.83ms)
2024/12/01 01:39:41 OK   20230902172124_validator-names.sql (4.32ms)
2024/12/01 01:39:41 OK   20230904013031_blob-persistence.sql (2.6ms)
2024/12/01 01:39:41 OK   20230906021153_sync-duties.sql (2.26ms)
2024/12/01 01:39:41 OK   20230906202015_nullable-el-blocks.sql (8.06ms)
2024/12/01 01:39:41 OK   20230922211353_binary-blocks.sql (2.9ms)
2024/12/01 01:39:41 OK   20230923231035_unfinalized-epochs.sql (3.19ms)
2024/12/01 01:39:41 OK   20231016221924_blob-index-fix.sql (2.33ms)
2024/12/01 01:39:41 OK   20231113161726_tx-method-signatures.sql (3.27ms)
2024/12/01 01:39:41 OK   20240423132923_block-status.sql (6.01ms)
2024/12/01 01:39:41 OK   20240429121225_deposit-index.sql (4.27ms)
2024/12/01 01:39:41 OK   20240506203555_exits-and-slashings.sql (4.89ms)
2024/12/01 01:39:41 OK   20240613235955_fix-slots-data.sql (2.57ms)
2024/12/01 01:39:41 OK   20240615012111_pectra-updates.sql (1.88ms)
2024/12/01 01:39:41 OK   20240616024911_mev-relay-index.sql (4.68ms)
2024/12/01 01:39:41 OK   20240730183116_indexer-imrovements.sql (13.3ms)
2024/12/01 01:39:41 OK   20240805095505_pectra-updates2.sql (4.16ms)
2024/12/01 01:39:41 OK   20241006182734_pectra-updates3.sql (8.8ms)
2024/12/01 01:39:41 goose: successfully migrated database to version: 20241006182734
time="2024-12-01T01:39:41Z" level=info msg="http server listening on 0.0.0.0:8080"
time="2024-12-01T01:39:42Z" level=info msg="beacon client pool ready" genesis_fork=10000038 genesis_time="2024-12-01 01:39:14 +0000 UTC" name=testnet
time="2024-12-01T01:39:42Z" level=info msg="loaded 130 validator names from yaml (/validator-ranges/validator-ranges.yaml)" module=validator_names
time="2024-12-01T01:39:42Z" level=info msg="restored 0 unfinalized epoch stats from DB (0.000 sec)" service=cl-indexer
time="2024-12-01T01:39:42Z" level=info msg="restored 0 unfinalized epoch aggregations from DB (0.000 sec)" service=cl-indexer
time="2024-12-01T01:39:42Z" level=info msg="restored 0 unfinalized blocks from DB (0 with bodies, 0.000 sec)" service=cl-indexer
time="2024-12-01T01:39:42Z" level=info msg="update validator names 0-128: 129 changed, 0 removed" module=validator_names
time="2024-12-01T01:39:42Z" level=warning msg="genesis block not found in cache" service=cl-indexer
time="2024-12-01T01:39:42Z" level=info msg="starting indexer processing (finalization, pruning & synchronization)" service=cl-indexer
time="2024-12-01T01:39:42Z" level=info msg="synchronization started. head epoch: 0" service=synchronizer
time="2024-12-01T01:39:42Z" level=info msg="synchronization complete. Head epoch: 0" service=synchronizer
time="2024-12-01T01:39:42Z" level=info msg="received block 0:14 [0x8ef4c435e55bc46a3e451ad863d86843bd9de7dbe6413e0f9a98d406a549a51b] head  (3 ms, 1 ms, 2 ms) fork: 1" client=cl-1-lighthouse-geth service=cl-indexer
time="2024-12-01T01:39:42Z" level=info msg="received block 0:13 [0x654b369f86df78160589f537506a91c1328ce549775e0d49d3bee22bcc1a30fd] backfill  (1 ms, 1 ms, 2 ms) fork: 1" client=cl-3-lighthouse-geth-builder service=cl-indexer
time="2024-12-01T01:39:42Z" level=info msg="received block 0:12 [0x2656bef8080d5d052fcce4fded595313ed011032a72ba74bb1d994f3abba97a3] backfill  (1 ms, 0 ms, 1 ms) fork: 1" client=cl-1-lighthouse-geth service=cl-indexer
time="2024-12-01T01:39:42Z" level=info msg="received block 0:11 [0xcc1273fe71c2b9b90599550da94e651baf334adbbf17eea3e237c1abee00413f] backfill  (0 ms, 1 ms, 1 ms) fork: 1" client=cl-3-lighthouse-geth-builder service=cl-indexer
time="2024-12-01T01:39:42Z" level=info msg="received block 0:10 [0xb51db3b630f87317c64196d54d9bb9c09177fe10f482a9ef1efb20f061acf0ba] backfill  (3 ms, 2 ms, 2 ms) fork: 1" client=cl-2-lighthouse-geth service=cl-indexer
time="2024-12-01T01:39:42Z" level=info msg="received block 0:9 [0x20d515bc6d802f928cc753e4307ffe8477da8535ba285dc24219771f0191b6c0] backfill  (1 ms, 1 ms, 4 ms) fork: 1" client=cl-3-lighthouse-geth-builder service=cl-indexer
time="2024-12-01T01:39:42Z" level=info msg="received block 0:8 [0x0b777f019e408f04b5e0d4b532385926cd197fd36c0dd0fd988977e9f2982b0c] backfill  (1 ms, 3 ms, 3 ms) fork: 1" client=cl-1-lighthouse-geth service=cl-indexer
time="2024-12-01T01:39:42Z" level=info msg="received block 0:7 [0xca009d009e4a9749a777eabd7a528dcb84e7519c81677f37b89fce27ab4db5ba] backfill  (2 ms, 1 ms, 1 ms) fork: 1" client=cl-2-lighthouse-geth service=cl-indexer
time="2024-12-01T01:39:42Z" level=info msg="received block 0:6 [0xbd5b0fabadc0f8f40f1fff1a2209e5824979dd71b5cde60497a0929f4dd8f52d] backfill  (1 ms, 2 ms, 2 ms) fork: 1" client=cl-1-lighthouse-geth service=cl-indexer
time="2024-12-01T01:39:42Z" level=info msg="received block 0:5 [0x44e0f9c0cd07ffbce2598cb33812e80e74e96f7f7d539031985fddeb0c45407f] backfill  (1 ms, 1 ms, 2 ms) fork: 1" client=cl-3-lighthouse-geth-builder service=cl-indexer
time="2024-12-01T01:39:42Z" level=info msg="received block 0:4 [0xf0b352b32394b6cd3887c78b1a6ca01878800b197b911783d8e2c0f2b848a566] backfill  (1 ms, 1 ms, 1 ms) fork: 1" client=cl-1-lighthouse-geth service=cl-indexer
time="2024-12-01T01:39:42Z" level=info msg="received block 0:3 [0x17fcb829b6fc8ff92751772da6794ccdeb516cb12796cbcf0ca6686660214716] backfill  (0 ms, 1 ms, 2 ms) fork: 1" client=cl-3-lighthouse-geth-builder service=cl-indexer
time="2024-12-01T01:39:42Z" level=info msg="received block 0:1 [0x8ba522502547dd5fcbf0f67eaf438d950aabacadc04af2d2d7c5696a06051403] backfill  (2 ms, 0 ms, 2 ms) fork: 0" client=cl-3-lighthouse-geth-builder service=cl-indexer
time="2024-12-01T01:39:42Z" level=info msg="received block 0:2 [0xd613c2232492584bfab5f7dc74ab1deaafc726f535096879389cfccf3a3150b6] backfill  (2 ms, 4 ms, 3 ms) fork: 0" client=cl-2-lighthouse-geth service=cl-indexer
time="2024-12-01T01:39:42Z" level=info msg="updated 14 blocks to fork 0" service=cl-indexer
time="2024-12-01T01:39:42Z" level=info msg="received block 0:0 [0xf872cd103570a730a3f3ca2e60e7be2d14b280bf4aa9840772a4f8822485f8fe] backfill  (1 ms, 6 ms, 1 ms) fork: 0" client=cl-1-lighthouse-geth service=cl-indexer
time="2024-12-01T01:39:44Z" level=info msg="fallback fork 0 votes in last 2 epochs: 0 ETH (0.00%), head: 14 (0x8ef4c435e55bc46a3e451ad863d86843bd9de7dbe6413e0f9a98d406a549a51b)" service=cl-indexer
time="2024-12-01T01:39:44Z" level=info msg="canonical head computation complete. forks: 1, head: 14 (0x8ef4c435e55bc46a3e451ad863d86843bd9de7dbe6413e0f9a98d406a549a51b), time: 0 ms" service=cl-indexer
time="2024-12-01T01:39:44Z" level=error msg="failed precalculating epoch 0 stats" error="parent block 0x0000000000000000000000000000000000000000000000000000000000000000 not found" service=cl-indexer
time="2024-12-01T01:39:44Z" level=info msg="added epoch state request for epoch 0 (0xf872cd103570a730a3f3ca2e60e7be2d14b280bf4aa9840772a4f8822485f8fe) to queue" service=cl-indexer
time="2024-12-01T01:39:44Z" level=info msg="received block 0:15 [0x93fd44a51b8fc7ba7c0190a15fd0604675f75cad4d55068a21fe9b86f0f52c7b] stream  (13 ms, 1 ms, 2 ms) fork: 0" client=cl-1-lighthouse-geth service=cl-indexer
time="2024-12-01T01:39:46Z" level=info msg="processed epoch 0 stats (root: 0xf872cd103570a730a3f3ca2e60e7be2d14b280bf4aa9840772a4f8822485f8fe / state: 0xc766c93a0894819cc323cc4c913ac9276fe4a0aeb217571df1bc240b3ce648b8, validators: 128/128, 6 ms), 355 bytes" service=cl-indexer
time="2024-12-01T01:39:46Z" level=info msg="received block 0:16 [0xadb8ef903d402872900d96c274aa4480cacd5da2d3c75e1845b2423c908ea97b] stream  (8 ms, 0 ms, 3 ms) fork: 0" client=cl-2-lighthouse-geth service=cl-indexer
time="2024-12-01T01:39:48Z" level=info msg="received block 0:17 [0xb5f739dc83dec1563b1ff6038fc9d986090f9e3f8e38f355f3484d043029492f] stream  (8 ms, 0 ms, 2 ms) fork: 0" client=cl-2-lighthouse-geth service=cl-indexer
time="2024-12-01T01:39:50Z" level=info msg="received block 0:18 [0x62badb1eb2cdfcb7814e38cd7c6a42e319b7300ca6ffd5a85bb2310355bd6463] stream  (2 ms, 0 ms, 1 ms) fork: 0" client=cl-2-lighthouse-geth service=cl-indexer
time="2024-12-01T01:39:52Z" level=info msg="received block 0:19 [0xaaeb63ba59777c7d88f82aecd5dbf6cd6525c66bf6aa3100d9f1a61b9e719a7c] stream  (3 ms, 0 ms, 1 ms) fork: 0" client=cl-1-lighthouse-geth service=cl-indexer
time="2024-12-01T01:39:54Z" level=info msg="received block 0:20 [0xf9a4ad829b875a8290462f843ca38373b1bbd7e606d9c0728f35329a9cef123c] stream  (3 ms, 0 ms, 1 ms) fork: 0" client=cl-2-lighthouse-geth service=cl-indexer
time="2024-12-01T01:39:56Z" level=info msg="received block 0:21 [0xee880417e1a3d6d2b22d21343be9172b52ebd13b8c7a1b5fd3dd5885b9d42dbd] stream  (3 ms, 0 ms, 1 ms) fork: 0" client=cl-2-lighthouse-geth service=cl-indexer
time="2024-12-01T01:39:57Z" level=info msg="fallback fork 0 votes in last 2 epochs: 0 ETH (0.00%), head: 21 (0xee880417e1a3d6d2b22d21343be9172b52ebd13b8c7a1b5fd3dd5885b9d42dbd)" service=cl-indexer
time="2024-12-01T01:39:57Z" level=info msg="canonical head computation complete. forks: 1, head: 21 (0xee880417e1a3d6d2b22d21343be9172b52ebd13b8c7a1b5fd3dd5885b9d42dbd), time: 0 ms" service=cl-indexer
time="2024-12-01T01:39:58Z" level=info msg="received block 0:22 [0x129533ac57af7e588ee1a2ad705ca93842942983140c8d6315fdec55bc21e9d9] stream  (3 ms, 0 ms, 1 ms) fork: 0" client=cl-1-lighthouse-geth service=cl-indexer
time="2024-12-01T01:40:00Z" level=info msg="received block 0:23 [0x42fc4deae4302c11b9424241ae437cbc225225f3b8b995194b840010b49c34b7] stream  (3 ms, 0 ms, 1 ms) fork: 0" client=cl-1-lighthouse-geth service=cl-indexer
time="2024-12-01T01:40:02Z" level=info msg="received block 0:24 [0x578da6a7ebc3dac4140268d248cf24cf3092515b1890855b36a60ceecebe1e8a] stream  (6 ms, 0 ms, 1 ms) fork: 0" client=cl-2-lighthouse-geth service=cl-indexer
time="2024-12-01T01:40:04Z" level=info msg="received block 0:25 [0xf5080f8144b281e96cae69269440d2a6c6588682289067ad74eb96186d999476] stream  (19 ms, 1 ms, 3 ms) fork: 0" client=cl-1-lighthouse-geth service=cl-indexer
time="2024-12-01T01:40:06Z" level=info msg="received block 0:26 [0x8e23cf29ab2a647a5189c2ec74c36ec01c61f137e68676a110df068744f91d71] stream  (6 ms, 0 ms, 2 ms) fork: 0" client=cl-2-lighthouse-geth service=cl-indexer
time="2024-12-01T01:40:08Z" level=info msg="received block 0:27 [0xb2b20082b2270372237cf22c57768f8fdb6f0a6b952984fe9b963ed3a4fa501f] stream  (9 ms, 0 ms, 3 ms) fork: 0" client=cl-1-lighthouse-geth service=cl-indexer
time="2024-12-01T01:40:10Z" level=info msg="received block 0:28 [0x1b1e615aa1f730849ef634d4493294c9c911932881e20b6e5abf4baca3aecc7a] stream  (7 ms, 0 ms, 3 ms) fork: 0" client=cl-1-lighthouse-geth service=cl-indexer
time="2024-12-01T01:40:12Z" level=info msg="received block 0:29 [0xcf904b4029143fa9acc5386ee0858789954aac82e72aac38fdf4c0c7197e088d] stream  (7 ms, 0 ms, 2 ms) fork: 0" client=cl-2-lighthouse-geth service=cl-indexer
time="2024-12-01T01:40:12Z" level=info msg="fallback fork 0 votes in last 2 epochs: 0 ETH (0.00%), head: 29 (0xcf904b4029143fa9acc5386ee0858789954aac82e72aac38fdf4c0c7197e088d)" service=cl-indexer
time="2024-12-01T01:40:12Z" level=info msg="canonical head computation complete. forks: 1, head: 29 (0xcf904b4029143fa9acc5386ee0858789954aac82e72aac38fdf4c0c7197e088d), time: 0 ms" service=cl-indexer
time="2024-12-01T01:40:14Z" level=info msg="received block 0:30 [0x7eb1a0af4c3a1a50633a3c8aeb9f0492dd86b32d0172a75f41c8ff58b6433ca5] stream  (7 ms, 0 ms, 2 ms) fork: 0" client=cl-1-lighthouse-geth service=cl-indexer
time="2024-12-01T01:40:14Z" level=info msg="fallback fork 0 votes in last 2 epochs: 0 ETH (0.00%), head: 30 (0x7eb1a0af4c3a1a50633a3c8aeb9f0492dd86b32d0172a75f41c8ff58b6433ca5)" service=cl-indexer
time="2024-12-01T01:40:14Z" level=info msg="canonical head computation complete. forks: 1, head: 30 (0x7eb1a0af4c3a1a50633a3c8aeb9f0492dd86b32d0172a75f41c8ff58b6433ca5), time: 0 ms" service=cl-indexer
time="2024-12-01T01:40:16Z" level=info msg="received block 0:31 [0xc5e35b038bb27ba3fa1d2d7dbbd204ff2c324dd3d7ffba8f1680467c8207bace] stream  (10 ms, 0 ms, 2 ms) fork: 0" client=cl-2-lighthouse-geth service=cl-indexer
time="2024-12-01T01:40:18Z" level=info msg="fallback fork 0 votes in last 2 epochs: 0 ETH (0.00%, 0.00%), head: 31 (0xc5e35b038bb27ba3fa1d2d7dbbd204ff2c324dd3d7ffba8f1680467c8207bace)" service=cl-indexer
time="2024-12-01T01:40:18Z" level=info msg="canonical head computation complete. forks: 1, head: 31 (0xc5e35b038bb27ba3fa1d2d7dbbd204ff2c324dd3d7ffba8f1680467c8207bace), time: 0 ms" service=cl-indexer
time="2024-12-01T01:40:18Z" level=info msg="precomputed epoch 1 stats (root: 0xc5e35b038bb27ba3fa1d2d7dbbd204ff2c324dd3d7ffba8f1680467c8207bace), validators: 128/128 (0 ms)" service=cl-indexer
time="2024-12-01T01:40:18Z" level=info msg="received block 1:32 [0x3e3c06bedf233020e8134680bd60d1100c04beb5d89ef4b9b4b25741fdb1fce9] stream  (9 ms, 1 ms, 7 ms) fork: 0" client=cl-2-lighthouse-geth service=cl-indexer
time="2024-12-01T01:40:18Z" level=info msg="added epoch state request for epoch 1 (0xc5e35b038bb27ba3fa1d2d7dbbd204ff2c324dd3d7ffba8f1680467c8207bace) to queue" service=cl-indexer
time="2024-12-01T01:40:19Z" level=info msg="processed epoch 1 stats (root: 0xc5e35b038bb27ba3fa1d2d7dbbd204ff2c324dd3d7ffba8f1680467c8207bace / state: 0xf7427e6756afe29aa8612a7f4f2d5d878b32232ed5334129f0df1803818651e0, validators: 128/128, 7 ms), 401 bytes" service=cl-indexer
time="2024-12-01T01:40:20Z" level=info msg="received block 1:33 [0xfea27f301eabd3fadf2a2015947998afd2f650687e6e8c082cfa499d3570510c] stream  (2 ms, 0 ms, 2 ms) fork: 0" client=cl-2-lighthouse-geth service=cl-indexer
time="2024-12-01T01:40:22Z" level=info msg="received block 1:34 [0xa3909014ab0c00d679d5f791b7492fd67842f0a34be2f402fbd5f9e090eb25c1] stream  (8 ms, 2 ms, 3 ms) fork: 0" client=cl-1-lighthouse-geth service=cl-indexer
time="2024-12-01T01:40:24Z" level=info msg="received block 1:35 [0x73d25585f52c92c95ccf952b496bbd746879905521e3f42e204bc3747c786216] stream  (15 ms, 1 ms, 2 ms) fork: 0" client=cl-2-lighthouse-geth service=cl-indexer
time="2024-12-01T01:40:26Z" level=info msg="received block 1:36 [0x65dfa2f7c30a47f817747558725a3fb0b4ba5981fc00bcb8266973c1e258d883] stream  (6 ms, 0 ms, 3 ms) fork: 0" client=cl-1-lighthouse-geth service=cl-indexer
time="2024-12-01T01:40:28Z" level=info msg="received block 1:37 [0x3bd47adfb454caadc0d6c14c012c22135abc224d3c106760d366c6bdb555181a] stream  (7 ms, 0 ms, 2 ms) fork: 0" client=cl-2-lighthouse-geth service=cl-indexer
time="2024-12-01T01:40:30Z" level=info msg="received block 1:38 [0x1d7d8ca5ce25b607e79a45204eb5c9e8de2cb42c6e8c92d871ce492fb5cee5c6] stream  (6 ms, 0 ms, 3 ms) fork: 0" client=cl-1-lighthouse-geth service=cl-indexer
time="2024-12-01T01:40:32Z" level=info msg="received block 1:39 [0xb39b9baf97cd7c8a494e28a93a90c1525342548142fcb3ec12f19b4153721f46] stream  (2 ms, 0 ms, 1 ms) fork: 0" client=cl-1-lighthouse-geth service=cl-indexer
time="2024-12-01T01:40:34Z" level=info msg="received block 1:40 [0x33596d6694633c3b4c20220f1f398684f6451f571f32ba3dd26364647f558e02] stream  (7 ms, 0 ms, 3 ms) fork: 0" client=cl-2-lighthouse-geth service=cl-indexer
time="2024-12-01T01:40:36Z" level=info msg="received block 1:41 [0xfe86e3ca78725775146bf890a6bc84deec38396e121a1f3c44786295a8d5c84c] stream  (8 ms, 0 ms, 3 ms) fork: 0" client=cl-2-lighthouse-geth service=cl-indexer
time="2024-12-01T01:40:38Z" level=info msg="received block 1:42 [0x56861d2582fa59a923efdffdf6cc0a097b491683a67f78673bf32dba212cab58] stream  (1 ms, 0 ms, 2 ms) fork: 0" client=cl-2-lighthouse-geth service=cl-indexer
time="2024-12-01T01:40:40Z" level=info msg="received block 1:43 [0xe6f7ce07b70d029206c4d6459a7ef909e95a86b24fb0434f1d6f34dd775a79b2] stream  (13 ms, 0 ms, 3 ms) fork: 0" client=cl-1-lighthouse-geth service=cl-indexer
time="2024-12-01T01:40:42Z" level=info msg="received block 1:44 [0xece3b3ec3b1bfa5a4e612e19d0ed40e97e520aa2f2c059577bb8cd4c25d63cfc] stream  (9 ms, 0 ms, 2 ms) fork: 0" client=cl-1-lighthouse-geth service=cl-indexer
time="2024-12-01T01:40:42Z" level=info msg="fallback fork 0 votes in last 2 epochs: 1536 ETH (0.00%, 100.00%), head: 44 (0xece3b3ec3b1bfa5a4e612e19d0ed40e97e520aa2f2c059577bb8cd4c25d63cfc)" service=cl-indexer
time="2024-12-01T01:40:42Z" level=info msg="canonical head computation complete. forks: 1, head: 44 (0xece3b3ec3b1bfa5a4e612e19d0ed40e97e520aa2f2c059577bb8cd4c25d63cfc), time: 0 ms" service=cl-indexer
time="2024-12-01T01:40:44Z" level=info msg="received block 1:45 [0x7b46e05a606e902278def9db40dbf7cfc33707984085f98298d58bcff33b74c4] stream  (5 ms, 0 ms, 1 ms) fork: 0" client=cl-2-lighthouse-geth service=cl-indexer
time="2024-12-01T01:40:46Z" level=info msg="received block 1:46 [0xace00cc7326e54cb7658c2b030aa78a548091a463ef6c017c4fd39a68e2052c0] stream  (8 ms, 0 ms, 2 ms) fork: 0" client=cl-1-lighthouse-geth service=cl-indexer
time="2024-12-01T01:40:48Z" level=info msg="received block 1:47 [0x58cec7a2eadd1c142785f633f6c9e5db6c227721f5f2882400e1c363d149c9ca] stream  (8 ms, 0 ms, 2 ms) fork: 0" client=cl-2-lighthouse-geth service=cl-indexer
time="2024-12-01T01:40:50Z" level=info msg="received block 1:48 [0xe84c63d76562fe6315972951df40c94a2821f056b93e90e6fb57fdd90aeffec6] stream  (4 ms, 0 ms, 1 ms) fork: 0" client=cl-1-lighthouse-geth service=cl-indexer
time="2024-12-01T01:40:52Z" level=info msg="cache pruning complete! pruned 0 blocks, 0 epoch stats and 0 epoch states" service=cl-indexer
time="2024-12-01T01:40:52Z" level=info msg="received block 1:49 [0x3aa8a1e886a845fb695265f705a8127f9323f4635317090bfdebf708a0f90fa2] stream  (6 ms, 0 ms, 3 ms) fork: 0" client=cl-1-lighthouse-geth service=cl-indexer
time="2024-12-01T01:40:54Z" level=info msg="received block 1:50 [0x17239f0d2afe48e7077cb64b526015f1198b402696566ff3fa75a942df7a0e1f] stream  (7 ms, 0 ms, 3 ms) fork: 0" client=cl-1-lighthouse-geth service=cl-indexer
time="2024-12-01T01:40:56Z" level=info msg="received block 1:51 [0x7d2ae54956665703ee345304b953112e3cbfb3da47c968f3213b04bd54bdb512] stream  (2 ms, 0 ms, 1 ms) fork: 0" client=cl-1-lighthouse-geth service=cl-indexer
time="2024-12-01T01:40:58Z" level=info msg="received block 1:52 [0x2abd38fa3caf8d226ac356cea89151aca43ea9a26dfd2c4c470a1dbb37acb5af] stream  (9 ms, 0 ms, 2 ms) fork: 0" client=cl-2-lighthouse-geth service=cl-indexer
time="2024-12-01T01:41:00Z" level=info msg="received block 1:53 [0x376a4cdd43f9b461eab962368e54e98958fe62c0562c297459046df305d9b3d9] stream  (12 ms, 1 ms, 2 ms) fork: 0" client=cl-2-lighthouse-geth service=cl-indexer
time="2024-12-01T01:41:02Z" level=info msg="received block 1:54 [0x171efef73bb2ac091e097bcbdd761766827e6e79e75ffdd2dcf34ff1903df8fe] stream  (6 ms, 0 ms, 2 ms) fork: 0" client=cl-2-lighthouse-geth service=cl-indexer
time="2024-12-01T01:41:04Z" level=info msg="received block 1:55 [0x938dfb0b881e6603c02789b442908afeb633144be33c0adf2234fa5eb2e6d1e5] stream  (16 ms, 1 ms, 3 ms) fork: 0" client=cl-2-lighthouse-geth service=cl-indexer
time="2024-12-01T01:41:06Z" level=info msg="received block 1:56 [0x0b94d01c300206c49c9daae2c417a60d8c6d588c737824a945a62db36f3490e9] stream  (9 ms, 0 ms, 3 ms) fork: 0" client=cl-2-lighthouse-geth service=cl-indexer
time="2024-12-01T01:41:08Z" level=info msg="received block 1:57 [0xec9a811200ef300267c426f15612acdce553c223de6f0762a8a91b9a3e01aadf] stream  (8 ms, 1 ms, 2 ms) fork: 0" client=cl-1-lighthouse-geth service=cl-indexer
time="2024-12-01T01:41:10Z" level=info msg="received block 1:58 [0xf6911e5e3744031b02f252f325760e492625bdc3c348640d63f8e7f404189803] stream  (2 ms, 0 ms, 1 ms) fork: 0" client=cl-1-lighthouse-geth service=cl-indexer
time="2024-12-01T01:41:12Z" level=info msg="received block 1:59 [0x96612a1d02e32b1930cf141638266404f7b1ae4d890144b01d4c7e5b58501efa] stream  (3 ms, 0 ms, 1 ms) fork: 0" client=cl-2-lighthouse-geth service=cl-indexer
time="2024-12-01T01:41:12Z" level=info msg="fallback fork 0 votes in last 2 epochs: 3456 ETH (0.00%, 100.00%), head: 59 (0x96612a1d02e32b1930cf141638266404f7b1ae4d890144b01d4c7e5b58501efa)" service=cl-indexer
time="2024-12-01T01:41:12Z" level=info msg="canonical head computation complete. forks: 1, head: 59 (0x96612a1d02e32b1930cf141638266404f7b1ae4d890144b01d4c7e5b58501efa), time: 0 ms" service=cl-indexer
time="2024-12-01T01:41:14Z" level=info msg="received block 1:60 [0xed85da0d1bd96dabb6ae4a703ff7c00bee89582454c0fa2a14889f2c8e08e5bc] stream  (2 ms, 0 ms, 1 ms) fork: 0" client=cl-2-lighthouse-geth service=cl-indexer
time="2024-12-01T01:41:16Z" level=info msg="received block 1:61 [0xa9087cff8a534dbc5faefaa00ea2c334032549331f3ad3db48ada8f9a734e68e] stream  (3 ms, 0 ms, 1 ms) fork: 0" client=cl-1-lighthouse-geth service=cl-indexer
time="2024-12-01T01:41:18Z" level=info msg="received block 1:62 [0x11e03a76922f7d56c312b1847be323e683ad424ed2e3e5fe0db75ef200f5e2ac] stream  (3 ms, 0 ms, 1 ms) fork: 0" client=cl-1-lighthouse-geth service=cl-indexer
time="2024-12-01T01:41:20Z" level=info msg="received block 1:63 [0xece6b7e5da405dcd0cfea79ccb8470a52a9797d1ae79a91c341ea5b77fda7dd8] stream  (5 ms, 0 ms, 2 ms) fork: 0" client=cl-2-lighthouse-geth service=cl-indexer
time="2024-12-01T01:41:22Z" level=info msg="fallback fork 0 votes in last 2 epochs: 3968 ETH (100.00%, 0.00%), head: 63 (0xece6b7e5da405dcd0cfea79ccb8470a52a9797d1ae79a91c341ea5b77fda7dd8)" service=cl-indexer
time="2024-12-01T01:41:22Z" level=info msg="canonical head computation complete. forks: 1, head: 63 (0xece6b7e5da405dcd0cfea79ccb8470a52a9797d1ae79a91c341ea5b77fda7dd8), time: 0 ms" service=cl-indexer
time="2024-12-01T01:41:22Z" level=info msg="precomputed epoch 2 stats (root: 0xece6b7e5da405dcd0cfea79ccb8470a52a9797d1ae79a91c341ea5b77fda7dd8), validators: 128/128 (0 ms)" service=cl-indexer
time="2024-12-01T01:41:24Z" level=info msg="received block 2:65 [0xd37823802780ddc794f23bb53050085c20efeee248017c46b1ec52b04d2d9bd7] stream  (10 ms, 1 ms, 1 ms) fork: 0" client=cl-2-lighthouse-geth service=cl-indexer
time="2024-12-01T01:41:24Z" level=info msg="added epoch state request for epoch 2 (0xece6b7e5da405dcd0cfea79ccb8470a52a9797d1ae79a91c341ea5b77fda7dd8) to queue" service=cl-indexer
time="2024-12-01T01:41:26Z" level=info msg="received block 2:66 [0xd5d12be8dc44dae8304b443ca0548f52d15acbe7b77e00d0a61c5de41fd704ac] stream  (3 ms, 0 ms, 1 ms) fork: 0" client=cl-2-lighthouse-geth service=cl-indexer
time="2024-12-01T01:41:26Z" level=info msg="processed epoch 2 stats (root: 0xece6b7e5da405dcd0cfea79ccb8470a52a9797d1ae79a91c341ea5b77fda7dd8 / state: 0x9ef3780b3e619d560c4d3c1784162b1e0fbab5427d50a9e998c8d9b0b54113db, validators: 128/128, 7 ms), 407 bytes" service=cl-indexer
time="2024-12-01T01:41:28Z" level=info msg="received block 2:67 [0xf327823e62f110e3ff1d134e40068315ff1aae34af366fb1fa96a8320157718a] stream  (3 ms, 0 ms, 1 ms) fork: 0" client=cl-2-lighthouse-geth service=cl-indexer
time="2024-12-01T01:41:30Z" level=info msg="received block 2:68 [0xfd4d1b43cb5b3dc24ce2d0be076f61f9ff0cebdfede57750a27117ebaf831821] stream  (2 ms, 0 ms, 1 ms) fork: 0" client=cl-2-lighthouse-geth service=cl-indexer
time="2024-12-01T01:41:32Z" level=info msg="received block 2:69 [0xf3db01b579e3d76e2bd51ba1bd723419cf5835ff88fc690877790df628155b8e] stream  (9 ms, 0 ms, 2 ms) fork: 0" client=cl-2-lighthouse-geth service=cl-indexer
time="2024-12-01T01:41:34Z" level=info msg="received block 2:70 [0x4e59cf16c24c7349e5d0895f74da9e4d6227b3b9c78a1f874e0d78c197fd2fa5] stream  (6 ms, 0 ms, 2 ms) fork: 0" client=cl-1-lighthouse-geth service=cl-indexer
time="2024-12-01T01:41:36Z" level=info msg="received block 2:71 [0x9fa55acd8180819fd4868b300eb9c57439d51437748d7ea88b849e40953ca943] stream  (6 ms, 0 ms, 3 ms) fork: 0" client=cl-2-lighthouse-geth service=cl-indexer
time="2024-12-01T01:41:38Z" level=info msg="received block 2:72 [0xd70eea0628281f571f6b745bf29e735061d7cb5d9ec76bfd5593dc911ca403f0] stream  (8 ms, 0 ms, 2 ms) fork: 0" client=cl-1-lighthouse-geth service=cl-indexer
time="2024-12-01T01:41:40Z" level=info msg="received block 2:73 [0x465f29e496a88e31313ff2b8d0ad85d84cf6a91384fec2f49c6894578d363e85] stream  (10 ms, 0 ms, 3 ms) fork: 0" client=cl-2-lighthouse-geth service=cl-indexer
time="2024-12-01T01:41:42Z" level=info msg="received block 2:74 [0x0eac507788ec7ad60d0d8db5d26abdd37b87333ed0e4e0e760b9cdf706d17d2d] stream  (14 ms, 1 ms, 3 ms) fork: 0" client=cl-2-lighthouse-geth service=cl-indexer
time="2024-12-01T01:41:42Z" level=info msg="fallback fork 0 votes in last 2 epochs: 5312 ETH (100.00%, 95.00%), head: 74 (0x0eac507788ec7ad60d0d8db5d26abdd37b87333ed0e4e0e760b9cdf706d17d2d)" service=cl-indexer
time="2024-12-01T01:41:42Z" level=info msg="canonical head computation complete. forks: 1, head: 74 (0x0eac507788ec7ad60d0d8db5d26abdd37b87333ed0e4e0e760b9cdf706d17d2d), time: 0 ms" service=cl-indexer
time="2024-12-01T01:41:44Z" level=info msg="received block 2:75 [0x09008868b61305d710a7982c52adeefe44dec51d5b9900fe564dc6afa9caa6d2] stream  (12 ms, 0 ms, 3 ms) fork: 0" client=cl-2-lighthouse-geth service=cl-indexer
time="2024-12-01T01:41:46Z" level=info msg="received block 2:76 [0x1c18f1d45acb59e5d5aa3c7a6d7214ef5a02b4c514f287bfa3de0c0d7d921a79] stream  (15 ms, 1 ms, 3 ms) fork: 0" client=cl-2-lighthouse-geth service=cl-indexer
time="2024-12-01T01:41:48Z" level=info msg="received block 2:77 [0xe52e78183be2752192bd608c6eab3f1662cb0d652cb3014e3990b12f684e5912] stream  (9 ms, 0 ms, 3 ms) fork: 0" client=cl-1-lighthouse-geth service=cl-indexer
time="2024-12-01T01:41:50Z" level=info msg="received block 2:78 [0x93924d378f9e057d124f7cec48f8c80273f6aa2e0d81f4ad488891af43a6896b] stream  (9 ms, 3 ms, 3 ms) fork: 0" client=cl-1-lighthouse-geth service=cl-indexer
