The files belonging to this database system will be owned by user "postgres".
This user must also own the server process.

The database cluster will be initialized with locale "en_US.utf8".
The default database encoding has accordingly been set to "UTF8".
The default text search configuration will be set to "english".

Data page checksums are disabled.

fixing permissions on existing directory /var/lib/postgresql/data ... ok
creating subdirectories ... ok
selecting dynamic shared memory implementation ... posix
selecting default "max_connections" ... 100
selecting default "shared_buffers" ... 128MB
selecting default time zone ... UTC
creating configuration files ... ok
running bootstrap script ... ok
sh: locale: not found
2024-12-01 01:39:22.777 UTC [36] WARNING:  no usable system locales were found
performing post-bootstrap initialization ... ok
syncing data to disk ... ok
initdb: warning: enabling "trust" authentication for local connections


initdb: hint: You can change this by editing pg_hba.conf or using the option -A, or --auth-local and --auth-host, the next time you run initdb.
Success. You can now start the database server using:

    pg_ctl -D /var/lib/postgresql/data -l logfile start

waiting for server to start....2024-12-01 01:39:23.514 UTC [42] LOG:  starting PostgreSQL 17.0 on x86_64-pc-linux-musl, compiled by gcc (Alpine 13.2.1_git20240309) 13.2.1 20240309, 64-bit
2024-12-01 01:39:23.516 UTC [42] LOG:  listening on Unix socket "/var/run/postgresql/.s.PGSQL.5432"
2024-12-01 01:39:23.524 UTC [45] LOG:  database system was shut down at 2024-12-01 01:39:23 UTC
2024-12-01 01:39:23.533 UTC [42] LOG:  database system is ready to accept connections
 done
server started

/usr/local/bin/docker-entrypoint.sh: ignoring /docker-entrypoint-initdb.d/*

waiting for server to shut down....2024-12-01 01:39:23.606 UTC [42] LOG:  received fast shutdown request
2024-12-01 01:39:23.608 UTC [42] LOG:  aborting any active transactions
2024-12-01 01:39:23.614 UTC [42] LOG:  background worker "logical replication launcher" (PID 48) exited with exit code 1
2024-12-01 01:39:23.615 UTC [43] LOG:  shutting down
2024-12-01 01:39:23.617 UTC [43] LOG:  checkpoint starting: shutdown immediate
2024-12-01 01:39:23.627 UTC [43] LOG:  checkpoint complete: wrote 3 buffers (0.0%); 0 WAL file(s) added, 0 removed, 0 recycled; write=0.001 s, sync=0.003 s, total=0.013 s; sync files=2, longest=0.002 s, average=0.002 s; distance=0 kB, estimate=0 kB; lsn=0/14EAC68, redo lsn=0/14EAC68
2024-12-01 01:39:23.637 UTC [42] LOG:  database system is shut down
 done
server stopped

PostgreSQL init process complete; ready for start up.

2024-12-01 01:39:23.745 UTC [7] LOG:  starting PostgreSQL 17.0 on x86_64-pc-linux-musl, compiled by gcc (Alpine 13.2.1_git20240309) 13.2.1 20240309, 64-bit
2024-12-01 01:39:23.745 UTC [7] LOG:  listening on IPv4 address "0.0.0.0", port 5432
2024-12-01 01:39:23.745 UTC [7] LOG:  listening on IPv6 address "::", port 5432
2024-12-01 01:39:23.750 UTC [7] LOG:  listening on Unix socket "/var/run/postgresql/.s.PGSQL.5432"
2024-12-01 01:39:23.757 UTC [56] LOG:  database system was shut down at 2024-12-01 01:39:23 UTC
2024-12-01 01:39:23.765 UTC [7] LOG:  database system is ready to accept connections
