[36mINFO[0m[2024-12-06T16:00:40-05:00] No Kurtosis engine was found; attempting to start one... 
[36mINFO[0m[2024-12-06T16:00:40-05:00] Starting the centralized logs components...  
[36mINFO[0m[2024-12-06T16:00:40-05:00] Centralized logs components started.         
[36mINFO[0m[2024-12-06T16:00:41-05:00] Reverse proxy started.                       
[36mINFO[0m[2024-12-06T16:00:43-05:00] Successfully started Kurtosis engine         
[36mINFO[0m[2024-12-06T16:00:43-05:00] Creating a new enclave for Starlark to run inside... 
[36mINFO[0m[2024-12-06T16:00:45-05:00] Enclave 'prof-test-flood-jens-2' created successfully 
[36mINFO[0m[2024-12-06T16:00:45-05:00] Executing Starlark package at '/home/jens/test-prof-vanilla/prof-ethereum-package' as the passed argument './' looks like a directory 
[36mINFO[0m[2024-12-06T16:00:45-05:00] Compressing package 'github.com/kurtosis-tech/ethereum-package' at './' for upload 
[36mINFO[0m[2024-12-06T16:00:45-05:00] Uploading and executing package 'github.com/kurtosis-tech/ethereum-package' 
[36mINFO[0m[2024-12-06T16:00:46-05:00] Kurtosis CLI is running in a non interactive terminal. Everything will work but progress information and the progress bar will not be displayed. 

Container images used in this run:
> postgres:alpine - locally cached
> ethpandaops/execution-monitor:master - locally cached
> ethereum/client-go:latest - locally cached
> michalhosna/adminer - locally cached
> sigp/lighthouse:latest - locally cached
> flashbots/mev-boost - locally cached
> protolambda/eth2-val-tools:latest - locally cached
> prof-project/prof-relay - locally cached
> python:3.11-alpine - locally cached
> redis:alpine - locally cached
> prof-project/mev-flood - locally cached
> prof-project/prof-builder - locally cached
> badouralix/curl-jq - locally cached
> prof-project/prof-merger - locally cached
> ethpandaops/dora:master - locally cached
> prof-project/prof-sequencer-noauth - locally cached
> ethpandaops/ethereum-genesis-generator:default-deneb-genesis - locally cached
> ethpandaops/tx-fuzz:master - locally cached

Uploading file '/static_files/jwt/jwtsecret' to files artifact 'jwt_file'
Files with artifact name 'jwt_file' uploaded with artifact UUID 'b7b6ba5efbe74e428aa9fd6c6fa21ad1'

Printing a message
Read the prometheus, grafana templates

Printing a message
Launching participant network with 3 participants and the following network params struct(capella_fork_epoch = 0, deneb_fork_epoch = 0, deposit_contract_address = "0x4242424242424242424242424242424242424242", ejection_balance = 16000000000, electra_fork_epoch = None, eth1_follow_distance = 2048, genesis_delay = 20, max_churn = 8, min_validator_withdrawability_delay = 256, network = "kurtosis", network_id = "3151908", num_validator_keys_per_node = 64, preregistered_validator_count = 0, preregistered_validator_keys_mnemonic = "giant issue aisle success illegal bike spike question tent bar rely arctic volcano long crawl hungry vocal artwork sniff fantasy very lucky have athlete", seconds_per_slot = 2, shard_committee_period = 256)

Printing a message
Generating cl validator key stores

Adding service with name 'validator-key-generation-cl-validator-keystore' and image 'protolambda/eth2-val-tools:latest'
Service 'validator-key-generation-cl-validator-keystore' added with service UUID '8b58e01274c84b55b5aa062dca53dfe9'

Executing command on service 'validator-key-generation-cl-validator-keystore'
Command returned with exit code '0' with no output

Verifying whether two values meet a certain condition '=='
Verification succeeded. Value is '0'.

Storing files from service 'validator-key-generation-cl-validator-keystore' at path '/node-0-keystores' to files artifact with name '1-lighthouse-geth-0-63'
Files with artifact name '1-lighthouse-geth-0-63' uploaded with artifact UUID 'f6fa11d24cf94a4ca75c3a0cf7ec38da'

Storing files from service 'validator-key-generation-cl-validator-keystore' at path '/node-1-keystores' to files artifact with name '2-lighthouse-geth-64-127'
Files with artifact name '2-lighthouse-geth-64-127' uploaded with artifact UUID 'b5dedf5666c9494b954505df221c30e5'

Executing command on service 'validator-key-generation-cl-validator-keystore'
Command returned with exit code '0' with no output

Verifying whether two values meet a certain condition '=='
Verification succeeded. Value is '0'.

Storing files from service 'validator-key-generation-cl-validator-keystore' at path '/tmp/prysm-password.txt' to files artifact with name 'prysm-password'
Files with artifact name 'prysm-password' uploaded with artifact UUID '51045bbb3e7e49068e8189d5a9ee2db8'

Printing a message
{
	"per_node_keystores": [
		{
			"files_artifact_uuid": "1-lighthouse-geth-0-63",
			"nimbus_keys_relative_dirpath": "node-0-keystores/nimbus-keys",
			"prysm_relative_dirpath": "node-0-keystores/prysm",
			"raw_keys_relative_dirpath": "node-0-keystores/keys",
			"raw_root_dirpath": "node-0-keystores",
			"raw_secrets_relative_dirpath": "node-0-keystores/secrets",
			"teku_keys_relative_dirpath": "node-0-keystores/teku-keys",
			"teku_secrets_relative_dirpath": "node-0-keystores/teku-secrets"
		},
		{
			"files_artifact_uuid": "2-lighthouse-geth-64-127",
			"nimbus_keys_relative_dirpath": "node-1-keystores/nimbus-keys",
			"prysm_relative_dirpath": "node-1-keystores/prysm",
			"raw_keys_relative_dirpath": "node-1-keystores/keys",
			"raw_root_dirpath": "node-1-keystores",
			"raw_secrets_relative_dirpath": "node-1-keystores/secrets",
			"teku_keys_relative_dirpath": "node-1-keystores/teku-keys",
			"teku_secrets_relative_dirpath": "node-1-keystores/teku-secrets"
		},
		null
	],
	"prysm_password_artifact_uuid": "prysm-password",
	"prysm_password_relative_filepath": "prysm-password.txt"
}

Running Python script
Command returned with exit code '0' and the following output: 1733518891

Printing a message
Generating EL CL data

Rendering a template to a files artifact with name 'genesis-el-cl-env-file'
Templates artifact name 'genesis-el-cl-env-file' rendered with artifact UUID '98fbfe4a6299489cb787b2615616a4a6'

Running sh script
Command returned with exit code '0' and the following output:
--------------------
+ '[' -f /data/custom_config_data/genesis.json ']'
++ mktemp -d -t ci-XXXXXXXXXX
+ tmp_dir=/tmp/ci-BjOOZgmB0P
+ mkdir -p /data/custom_config_data
+ envsubst
+ python3 /apps/el-gen/genesis_geth.py /tmp/ci-BjOOZgmB0P/genesis-config.yaml
+ python3 /apps/el-gen/genesis_chainspec.py /tmp/ci-BjOOZgmB0P/genesis-config.yaml
+ python3 /apps/el-gen/genesis_besu.py /tmp/ci-BjOOZgmB0P/genesis-config.yaml
+ gen_cl_config
+ . /apps/el-gen/.venv/bin/activate
++ '[' /apps/el-gen/.venv/bin/activate = ./entrypoint.sh ']'
++ deactivate nondestructive
++ unset -f pydoc
++ '[' -z _ ']'
++ PATH=/root/.cargo/bin:/usr/local/sbin:/usr/local/bin:/usr/sbin:/usr/bin:/sbin:/bin
++ export PATH
++ unset _OLD_VIRTUAL_PATH
++ '[' -z '' ']'
++ hash -r
++ '[' -z _ ']'
++ PS1=
++ export PS1
++ unset _OLD_VIRTUAL_PS1
++ unset VIRTUAL_ENV
++ unset VIRTUAL_ENV_PROMPT
++ '[' '!' nondestructive = nondestructive ']'
++ VIRTUAL_ENV=/apps/el-gen/.venv
++ '[' linux-gnu = cygwin ']'
++ '[' linux-gnu = msys ']'
++ export VIRTUAL_ENV
++ _OLD_VIRTUAL_PATH=/root/.cargo/bin:/usr/local/sbin:/usr/local/bin:/usr/sbin:/usr/bin:/sbin:/bin
++ PATH=/apps/el-gen/.venv/bin:/root/.cargo/bin:/usr/local/sbin:/usr/local/bin:/usr/sbin:/usr/bin:/sbin:/bin
++ export PATH
++ '[' xel-gen '!=' x ']'
++ VIRTUAL_ENV_PROMPT=el-gen
++ export VIRTUAL_ENV_PROMPT
++ '[' -z '' ']'
++ '[' -z '' ']'
++ _OLD_VIRTUAL_PS1=
++ PS1='(el-gen) '
++ export PS1
++ alias pydoc
++ true
++ hash -r
+ set -x
+ '[' -f /data/custom_config_data/genesis.ssz ']'
++ mktemp -d -t ci-XXXXXXXXXX
+ tmp_dir=/tmp/ci-sC07wBeAH3
+ mkdir -p /data/custom_config_data
+ envsubst
+ envsubst
+ cp /tmp/ci-sC07wBeAH3/mnemonics.yaml /data/custom_config_data/mnemonics.yaml
+ grep DEPOSIT_CONTRACT_ADDRESS /data/custom_config_data/config.yaml
+ cut -d ' ' -f2
+ echo 0
+ echo 0
+ echo
+ echo '- '
+ envsubst
+ genesis_args=(deneb --config /data/custom_config_data/config.yaml --mnemonics $tmp_dir/mnemonics.yaml --tranches-dir /data/custom_config_data/tranches --state-output /data/custom_config_data/genesis.ssz)
+ [[ 0x00 == \0\x\0\1 ]]
+ [[ '' != '' ]]
+ [[ '' != '' ]]
+ genesis_args+=(--eth1-config /data/custom_config_data/genesis.json)
+ '[' -z '' ']'
+ /usr/local/bin/eth2-testnet-genesis deneb --config /data/custom_config_data/config.yaml --mnemonics /tmp/ci-sC07wBeAH3/mnemonics.yaml --tranches-dir /data/custom_config_data/tranches --state-output /data/custom_config_data/genesis.ssz --eth1-config /data/custom_config_data/genesis.json
zrnt version: v0.32.3
Using CL MIN_GENESIS_TIME for genesis timestamp
processing mnemonic 0, for 128 validators
...validator 100/128
Writing pubkeys list file...
generated 128 validators from mnemonic yaml (/tmp/ci-sC07wBeAH3/mnemonics.yaml)
eth2 genesis at 1733518891 + 20 = 1733518911  (2024-12-06 21:01:51 +0000 UTC)
done preparing state, serializing SSZ now...
done!
+ /usr/local/bin/zcli pretty deneb BeaconState /data/custom_config_data/genesis.ssz
++ jq -r .latest_execution_payload_header.block_number /data/custom_config_data/parsedBeaconState.json
Genesis block number: 0
+ echo 'Genesis block number: 0'
++ jq -r .latest_execution_payload_header.block_hash /data/custom_config_data/parsedBeaconState.json
+ echo 'Genesis block hash: 0x137d720e42202a779fe3d459491474c5bbf4e4ed44b2f517d0662d075622d4d6'
Genesis block hash: 0x137d720e42202a779fe3d459491474c5bbf4e4ed44b2f517d0662d075622d4d6
+ jq -r .eth1_data.block_hash /data/custom_config_data/parsedBeaconState.json
+ tr -d '\n'
+ jq -r .genesis_validators_root /data/custom_config_data/parsedBeaconState.json
+ tr -d '\n'
+ gen_shared_files
+ . /apps/el-gen/.venv/bin/activate
++ '[' /apps/el-gen/.venv/bin/activate = ./entrypoint.sh ']'
++ deactivate nondestructive
++ unset -f pydoc
++ '[' -z _ ']'
++ PATH=/root/.cargo/bin:/usr/local/sbin:/usr/local/bin:/usr/sbin:/usr/bin:/sbin:/bin
++ export PATH
++ unset _OLD_VIRTUAL_PATH
++ '[' -z '' ']'
++ hash -r
++ '[' -z _ ']'
++ PS1=
++ export PS1
++ unset _OLD_VIRTUAL_PS1
++ unset VIRTUAL_ENV
++ unset VIRTUAL_ENV_PROMPT
++ '[' '!' nondestructive = nondestructive ']'
++ VIRTUAL_ENV=/apps/el-gen/.venv
++ '[' linux-gnu = cygwin ']'
++ '[' linux-gnu = msys ']'
++ export VIRTUAL_ENV
++ _OLD_VIRTUAL_PATH=/root/.cargo/bin:/usr/local/sbin:/usr/local/bin:/usr/sbin:/usr/bin:/sbin:/bin
++ PATH=/apps/el-gen/.venv/bin:/root/.cargo/bin:/usr/local/sbin:/usr/local/bin:/usr/sbin:/usr/bin:/sbin:/bin
++ export PATH
++ '[' xel-gen '!=' x ']'
++ VIRTUAL_ENV_PROMPT=el-gen
++ export VIRTUAL_ENV_PROMPT
++ '[' -z '' ']'
++ '[' -z '' ']'
++ _OLD_VIRTUAL_PS1=
++ PS1='(el-gen) '
++ export PS1
++ alias pydoc
++ true
++ hash -r
+ set -x
+ mkdir -p /data/custom_config_data
+ '[' -f /data/jwt/jwtsecret ']'
+ mkdir -p /data/jwt
++ openssl rand -hex 32
++ tr -d '\n'
+ echo -n 0xdbe6747d8c309348f4b2234d3c77a69f84c244abcb62495e18abb64e7b61bcc6
+ '[' -f /data/custom_config_data/genesis.json ']'
++ cat /data/custom_config_data/genesis.json
++ jq -r .config.terminalTotalDifficulty
+ terminalTotalDifficulty=0
+ sed -i 's/TERMINAL_TOTAL_DIFFICULTY:.*/TERMINAL_TOTAL_DIFFICULTY: 0/' /data/custom_config_data/config.yaml
+ '[' false = true ']'

--------------------

Running sh script: `cat /data/genesis_validators_root.txt`
Command returned with exit code '0' and the following output: 0xd1ec305b97bf6336571c2348e4a8bf173684b0cdb7e55f7e6554d51f8478b5a3

Running sh script: `jq .config.cancunTime /data/network-configs/genesis.json | tr -d '
'`
Command returned with exit code '0' and the following output: 0

Running sh script: `jq .config.pragueTime /data/network-configs/genesis.json | tr -d '
'`
Command returned with exit code '0' and the following output: null

Adding service with name 'el-1-geth-lighthouse' and image 'ethereum/client-go:latest'
Service 'el-1-geth-lighthouse' added with service UUID '75300700f5d642cc8d6f4f0f5a7888c2'

Waiting for at most '15m0s' for service 'el-1-geth-lighthouse' to reach a certain state
Wait took 1 tries (9.927488ms in total). Assertion passed with following:
Request had response code '200' and body "{\"jsonrpc\":\"2.0\",\"id\":1,\"result\":{\"id\":\"ba6270d7966cc6339eb0e1f0d5a99b5e4319c6df4480b305ac415e9058539574\",\"name\":\"Geth/v1.14.12-unstable-4bac6e66-20241107/linux-amd64/go1.23.3\",\"enode\":\"enode://a5be5afdfd6e818317f3211f7bdf9e847256b775ffd75f723a1e4c827971b76833c7ba57c9232e3e2cb9b2de916f6494a5c70920d7ce0d9dc3395cd539bb0727@172.16.4.11:30303\",\"enr\":\"enr:-KO4QHA2iYj3A0fGduma0vGP6luv7D8jaf0mOxpPmLFQo95iANyyhayE1uMU6JtjSKNyLykPngG7AZjyQFmpKMYI3cuGAZOdxqaRg2V0aMfGhGemocOAgmlkgnY0gmlwhKwQBAuJc2VjcDI1NmsxoQOlvlr9_W6BgxfzIR97356Ecla3df_XX3I6HkyCeXG3aIRzbmFwwIN0Y3CCdl-DdWRwgnZf\",\"ip\":\"172.16.4.11\",\"ports\":{\"discovery\":30303,\"listener\":30303},\"listenAddr\":\"[::]:30303\",\"protocols\":{\"eth\":{\"network\":3151908,\"difficulty\":1,\"genesis\":\"0x137d720e42202a779fe3d459491474c5bbf4e4ed44b2f517d0662d075622d4d6\",\"config\":{\"chainId\":3151908,\"homesteadBlock\":0,\"eip150Block\":0,\"eip155Block\":0,\"eip158Block\":0,\"byzantiumBlock\":0,\"constantinopleBlock\":0,\"petersburgBlock\":0,\"istanbulBlock\":0,\"berlinBlock\":0,\"londonBlock\":0,\"mergeNetsplitBlock\":0,\"shanghaiTime\":0,\"cancunTime\":0,\"terminalTotalDifficulty\":0,\"depositContractAddress\":\"0x0000000000000000000000000000000000000000\"},\"head\":\"0x137d720e42202a779fe3d459491474c5bbf4e4ed44b2f517d0662d075622d4d6\"},\"snap\":{}}}}\n", with extracted fields:
'extract.enode': "enode://a5be5afdfd6e818317f3211f7bdf9e847256b775ffd75f723a1e4c827971b76833c7ba57c9232e3e2cb9b2de916f6494a5c70920d7ce0d9dc3395cd539bb0727@172.16.4.11:30303"
'extract.enr': "enr:-KO4QHA2iYj3A0fGduma0vGP6luv7D8jaf0mOxpPmLFQo95iANyyhayE1uMU6JtjSKNyLykPngG7AZjyQFmpKMYI3cuGAZOdxqaRg2V0aMfGhGemocOAgmlkgnY0gmlwhKwQBAuJc2VjcDI1NmsxoQOlvlr9_W6BgxfzIR97356Ecla3df_XX3I6HkyCeXG3aIRzbmFwwIN0Y3CCdl-DdWRwgnZf"

Adding service with name 'el-2-geth-lighthouse' and image 'ethereum/client-go:latest'
Service 'el-2-geth-lighthouse' added with service UUID 'e2fb818db9dd40c7adfb7736b5a938ba'

Waiting for at most '15m0s' for service 'el-2-geth-lighthouse' to reach a certain state
Wait took 1 tries (15.137786ms in total). Assertion passed with following:
Request had response code '200' and body "{\"jsonrpc\":\"2.0\",\"id\":1,\"result\":{\"id\":\"63f0c7051860e0fad9cf3ccf8c06d9a9a6c09e7abeabf862dc9a70d88a9f2b6f\",\"name\":\"Geth/v1.14.12-unstable-4bac6e66-20241107/linux-amd64/go1.23.3\",\"enode\":\"enode://5bbe2e19dad323475c0a45422fb128682b4a4c25de940e61960305929ddd2cbec99c55fa5a828e25ccb8ba01a5045bde634b41c4e34a46b0b63048159ded76e4@172.16.4.12:30303\",\"enr\":\"enr:-KO4QPOlYk5xfNrtlxhI6M3texmXZyn8eZE-F8ffiJt1to6INlJ3NrduVnfHwJyeZLGXoubh9MvOWt8DynSk4Mv4SG-GAZOdxqy-g2V0aMfGhGemocOAgmlkgnY0gmlwhKwQBAyJc2VjcDI1NmsxoQJbvi4Z2tMjR1wKRUIvsShoK0pMJd6UDmGWAwWSnd0svoRzbmFwwIN0Y3CCdl-DdWRwgnZf\",\"ip\":\"172.16.4.12\",\"ports\":{\"discovery\":30303,\"listener\":30303},\"listenAddr\":\"[::]:30303\",\"protocols\":{\"eth\":{\"network\":3151908,\"difficulty\":1,\"genesis\":\"0x137d720e42202a779fe3d459491474c5bbf4e4ed44b2f517d0662d075622d4d6\",\"config\":{\"chainId\":3151908,\"homesteadBlock\":0,\"eip150Block\":0,\"eip155Block\":0,\"eip158Block\":0,\"byzantiumBlock\":0,\"constantinopleBlock\":0,\"petersburgBlock\":0,\"istanbulBlock\":0,\"berlinBlock\":0,\"londonBlock\":0,\"mergeNetsplitBlock\":0,\"shanghaiTime\":0,\"cancunTime\":0,\"terminalTotalDifficulty\":0,\"depositContractAddress\":\"0x0000000000000000000000000000000000000000\"},\"head\":\"0x137d720e42202a779fe3d459491474c5bbf4e4ed44b2f517d0662d075622d4d6\"},\"snap\":{}}}}\n", with extracted fields:
'extract.enode': "enode://5bbe2e19dad323475c0a45422fb128682b4a4c25de940e61960305929ddd2cbec99c55fa5a828e25ccb8ba01a5045bde634b41c4e34a46b0b63048159ded76e4@172.16.4.12:30303"
'extract.enr': "enr:-KO4QPOlYk5xfNrtlxhI6M3texmXZyn8eZE-F8ffiJt1to6INlJ3NrduVnfHwJyeZLGXoubh9MvOWt8DynSk4Mv4SG-GAZOdxqy-g2V0aMfGhGemocOAgmlkgnY0gmlwhKwQBAyJc2VjcDI1NmsxoQJbvi4Z2tMjR1wKRUIvsShoK0pMJd6UDmGWAwWSnd0svoRzbmFwwIN0Y3CCdl-DdWRwgnZf"

Adding service with name 'el-3-geth-builder-lighthouse' and image 'prof-project/prof-builder'
Service 'el-3-geth-builder-lighthouse' added with service UUID '99a28da0e13447bd9a714cedc25c369e'

Waiting for at most '15m0s' for service 'el-3-geth-builder-lighthouse' to reach a certain state
Wait took 1 tries (25.806669ms in total). Assertion passed with following:
Request had response code '200' and body "{\"jsonrpc\":\"2.0\",\"id\":1,\"result\":{\"id\":\"a84fb037749387aa0c19f3941e2ee03529050c48e4307f5a5769ce26b1ae0d2c\",\"name\":\"Geth/v1.13.14-stable/linux-amd64/go1.21.13\",\"enode\":\"enode://6e409190b83d4b93ce91ea4830abc389aec2d6d302c371a7ce97b737a02fdd01310e0652d43e1029155df3fec7459cd7cb55eecf8fffa4583b39c888df43ce25@172.16.4.13:30303\",\"enr\":\"enr:-KO4QB1roVQGdGMA-yjb1szZEwcO4TPRLJXIFE-GU-QwJDqkOKKglBC5T8YyIg3JonsqHtLtUevA6g3VbE7HTLXivfKGAZOdxsDQg2V0aMfGhGemocOAgmlkgnY0gmlwhKwQBA2Jc2VjcDI1NmsxoQNuQJGQuD1Lk86R6kgwq8OJrsLW0wLDcafOl7c3oC_dAYRzbmFwwIN0Y3CCdl-DdWRwgnZf\",\"ip\":\"172.16.4.13\",\"ports\":{\"discovery\":30303,\"listener\":30303},\"listenAddr\":\"[::]:30303\",\"protocols\":{\"eth\":{\"network\":3151908,\"difficulty\":1,\"genesis\":\"0x137d720e42202a779fe3d459491474c5bbf4e4ed44b2f517d0662d075622d4d6\",\"config\":{\"chainId\":3151908,\"homesteadBlock\":0,\"eip150Block\":0,\"eip155Block\":0,\"eip158Block\":0,\"byzantiumBlock\":0,\"constantinopleBlock\":0,\"petersburgBlock\":0,\"istanbulBlock\":0,\"berlinBlock\":0,\"londonBlock\":0,\"mergeNetsplitBlock\":0,\"shanghaiTime\":0,\"cancunTime\":0,\"terminalTotalDifficulty\":0,\"terminalTotalDifficultyPassed\":true},\"head\":\"0x137d720e42202a779fe3d459491474c5bbf4e4ed44b2f517d0662d075622d4d6\"},\"snap\":{}}}}\n", with extracted fields:
'extract.enr': "enr:-KO4QB1roVQGdGMA-yjb1szZEwcO4TPRLJXIFE-GU-QwJDqkOKKglBC5T8YyIg3JonsqHtLtUevA6g3VbE7HTLXivfKGAZOdxsDQg2V0aMfGhGemocOAgmlkgnY0gmlwhKwQBA2Jc2VjcDI1NmsxoQNuQJGQuD1Lk86R6kgwq8OJrsLW0wLDcafOl7c3oC_dAYRzbmFwwIN0Y3CCdl-DdWRwgnZf"
'extract.enode': "enode://6e409190b83d4b93ce91ea4830abc389aec2d6d302c371a7ce97b737a02fdd01310e0652d43e1029155df3fec7459cd7cb55eecf8fffa4583b39c888df43ce25@172.16.4.13:30303"

Printing a message
Successfully added 3 EL participants

Printing a message
Launching CL network

Adding service with name 'cl-1-lighthouse-geth' and image 'sigp/lighthouse:latest'
Service 'cl-1-lighthouse-geth' added with service UUID 'bc3237ddc722493a813afee5b9f91cc6'

Running 'GET' request on service 'cl-1-lighthouse-geth'
Request had response code '200' and body "{\"data\":{\"peer_id\":\"16Uiu2HAm8xEHxcBYH5Z1Yz1fZXQkqAtfxDcYtcgmZa4tvpf9ho8w\",\"enr\":\"enr:-MS4QP3tc-SuJ1Lhc-EV3UMhA-YlssDz_1o0wBB3gXTpomTmb92HBQHM9GJkItKQFYLy2t8jXPPe8WK2MI99fjfhPXUBh2F0dG5ldHOIAAAAAAAAAACEZXRoMpDYTi7gUAAAOP__________gmlkgnY0gmlwhKwQBA6EcXVpY4IjKYlzZWNwMjU2azGhAsj75BbwGfOqzQQGjIJDYfchHVyirLq_TwvRdakYEyoEiHN5bmNuZXRzAIN0Y3CCIyiDdWRwgiMo\",\"p2p_addresses\":[\"/ip4/172.16.4.14/tcp/9000/p2p/16Uiu2HAm8xEHxcBYH5Z1Yz1fZXQkqAtfxDcYtcgmZa4tvpf9ho8w\"],\"discovery_addresses\":[\"/ip4/172.16.4.14/udp/9000/p2p/16Uiu2HAm8xEHxcBYH5Z1Yz1fZXQkqAtfxDcYtcgmZa4tvpf9ho8w\"],\"metadata\":{\"seq_number\":\"0\",\"attnets\":\"0x0000000000000000\",\"syncnets\":\"0x00\"}}}", with extracted fields:
'extract.enr': "enr:-MS4QP3tc-SuJ1Lhc-EV3UMhA-YlssDz_1o0wBB3gXTpomTmb92HBQHM9GJkItKQFYLy2t8jXPPe8WK2MI99fjfhPXUBh2F0dG5ldHOIAAAAAAAAAACEZXRoMpDYTi7gUAAAOP__________gmlkgnY0gmlwhKwQBA6EcXVpY4IjKYlzZWNwMjU2azGhAsj75BbwGfOqzQQGjIJDYfchHVyirLq_TwvRdakYEyoEiHN5bmNuZXRzAIN0Y3CCIyiDdWRwgiMo"
'extract.multiaddr': "/ip4/172.16.4.14/tcp/9000/p2p/16Uiu2HAm8xEHxcBYH5Z1Yz1fZXQkqAtfxDcYtcgmZa4tvpf9ho8w"
'extract.peer_id': "16Uiu2HAm8xEHxcBYH5Z1Yz1fZXQkqAtfxDcYtcgmZa4tvpf9ho8w"

Adding service with name 'cl-2-lighthouse-geth' and image 'sigp/lighthouse:latest'
Service 'cl-2-lighthouse-geth' added with service UUID '5b853980d5104e03b8b3c227400e6958'

Running 'GET' request on service 'cl-2-lighthouse-geth'
Request had response code '200' and body "{\"data\":{\"peer_id\":\"16Uiu2HAmGoPzZ22wJeCE6KBBVARS4siauwW2wVwo2z7TzMVEjwof\",\"enr\":\"enr:-MS4QCdZ1x5WO8RmK1I_HUtfRTAXJvSV_vazPISURrkg_aJkQAOwdHx0YKL1RP6gykFhyWo7D0tt0WryY3szX_69Fx1Fh2F0dG5ldHOI__________-EZXRoMpDYTi7gUAAAOP__________gmlkgnY0gmlwhKwQBA-EcXVpY4IjKYlzZWNwMjU2azGhAz2WIHXc3qRxei6ir1lO3iP6_k9WXxnLuQXcVZJusveKiHN5bmNuZXRzD4N0Y3CCIyiDdWRwgiMo\",\"p2p_addresses\":[\"/ip4/172.16.4.15/tcp/9000/p2p/16Uiu2HAmGoPzZ22wJeCE6KBBVARS4siauwW2wVwo2z7TzMVEjwof\"],\"discovery_addresses\":[\"/ip4/172.16.4.15/udp/9000/p2p/16Uiu2HAmGoPzZ22wJeCE6KBBVARS4siauwW2wVwo2z7TzMVEjwof\"],\"metadata\":{\"seq_number\":\"68\",\"attnets\":\"0xffffffffffffffff\",\"syncnets\":\"0x0f\"}}}", with extracted fields:
'extract.multiaddr': "/ip4/172.16.4.15/tcp/9000/p2p/16Uiu2HAmGoPzZ22wJeCE6KBBVARS4siauwW2wVwo2z7TzMVEjwof"
'extract.peer_id': "16Uiu2HAmGoPzZ22wJeCE6KBBVARS4siauwW2wVwo2z7TzMVEjwof"
'extract.enr': "enr:-MS4QCdZ1x5WO8RmK1I_HUtfRTAXJvSV_vazPISURrkg_aJkQAOwdHx0YKL1RP6gykFhyWo7D0tt0WryY3szX_69Fx1Fh2F0dG5ldHOI__________-EZXRoMpDYTi7gUAAAOP__________gmlkgnY0gmlwhKwQBA-EcXVpY4IjKYlzZWNwMjU2azGhAz2WIHXc3qRxei6ir1lO3iP6_k9WXxnLuQXcVZJusveKiHN5bmNuZXRzD4N0Y3CCIyiDdWRwgiMo"

Adding service with name 'cl-3-lighthouse-geth-builder' and image 'sigp/lighthouse:latest'
Service 'cl-3-lighthouse-geth-builder' added with service UUID '1099e989dc01408e9a6ef1d62fe650ba'

Running 'GET' request on service 'cl-3-lighthouse-geth-builder'
Request had response code '200' and body "{\"data\":{\"peer_id\":\"16Uiu2HAm7jQzDNBrHadiy3QPYX4QmVGKRizscxAjQfxP42MGdQec\",\"enr\":\"enr:-MS4QG_vYL8UVPyLGzfN6s2NHDy2IMykNQSIcbN6qahMC2seVqNlK_FMQpo1idBISriFnq-vZfZSRmLtm7ZA5DqDwFRFh2F0dG5ldHOI__________-EZXRoMpDYTi7gUAAAOP__________gmlkgnY0gmlwhKwQBBCEcXVpY4IjKYlzZWNwMjU2azGhArbXvs183TQi34CxPHpjV5BBsEMj2CIJfjajSB910FqRiHN5bmNuZXRzD4N0Y3CCIyiDdWRwgiMo\",\"p2p_addresses\":[\"/ip4/172.16.4.16/tcp/9000/p2p/16Uiu2HAm7jQzDNBrHadiy3QPYX4QmVGKRizscxAjQfxP42MGdQec\"],\"discovery_addresses\":[\"/ip4/172.16.4.16/udp/9000/p2p/16Uiu2HAm7jQzDNBrHadiy3QPYX4QmVGKRizscxAjQfxP42MGdQec\"],\"metadata\":{\"seq_number\":\"68\",\"attnets\":\"0xffffffffffffffff\",\"syncnets\":\"0x0f\"}}}", with extracted fields:
'extract.peer_id': "16Uiu2HAm7jQzDNBrHadiy3QPYX4QmVGKRizscxAjQfxP42MGdQec"
'extract.enr': "enr:-MS4QG_vYL8UVPyLGzfN6s2NHDy2IMykNQSIcbN6qahMC2seVqNlK_FMQpo1idBISriFnq-vZfZSRmLtm7ZA5DqDwFRFh2F0dG5ldHOI__________-EZXRoMpDYTi7gUAAAOP__________gmlkgnY0gmlwhKwQBBCEcXVpY4IjKYlzZWNwMjU2azGhArbXvs183TQi34CxPHpjV5BBsEMj2CIJfjajSB910FqRiHN5bmNuZXRzD4N0Y3CCIyiDdWRwgiMo"
'extract.multiaddr': "/ip4/172.16.4.16/tcp/9000/p2p/16Uiu2HAm7jQzDNBrHadiy3QPYX4QmVGKRizscxAjQfxP42MGdQec"

Printing a message
Successfully added 3 CL participants

Printing a message
Using separate validator client for participant #1

Adding service with name 'validator-client-1-lighthouse' and image 'sigp/lighthouse:latest'
Service 'validator-client-1-lighthouse' added with service UUID '0456dbb3b417405f9b3486109c5e3019'

Printing a message
Using separate validator client for participant #2

Adding service with name 'validator-client-2-lighthouse' and image 'sigp/lighthouse:latest'
Service 'validator-client-2-lighthouse' added with service UUID '6b73e685c05143bba7bcf68946aed5aa'

Printing a message
NODE JSON RPC URI: '172.16.4.11:8545'

Rendering a template to a files artifact with name 'validator-ranges'
Templates artifact name 'validator-ranges' rendered with artifact UUID 'e04ddfb994eb4294ac217382c9baf255'

Printing a message
Launching mev-flood with URI: http://172.16.4.11:8545

Adding service with name 'mev-flood-1' and image 'prof-project/mev-flood'
Service 'mev-flood-1' added with service UUID '252d4c29eefd4461befd44d33adda53d'

Executing command on service 'mev-flood-1'
Command returned with exit code '0' and the following output:
--------------------
ENV: undefined
connected to http://172.16.4.11:8545 with wallet 0x2c57d1CFC6d5f8E4182a56b4cf75421472eBAEa4
deploying DAI contract
WETH contract address: 0xd676AF79742bCAeb4a71CF62b85d5ba2D1deaf86
UniV2FactoryA contract address: 0xB77d61Ea79c7Ea8bfa03d3604Ce5EaBfb95C2aB2
UniV2FactoryB contract address: 0x154E2238a212Ee4209111D2F3F6351D80e5d74B6
deploying base contracts: DAI, WETH, uniswapV2factory...
minting DAI for admin 0x2c57d1CFC6d5f8E4182a56b4cf75421472eBAEa4...
minting DAI for user 0x741bFE4802cE1C4b5b00F9Df2F5f179A1C89171A...
minting 2500.0 WETH for admin 0x2c57d1CFC6d5f8E4182a56b4cf75421472eBAEa4...
minting 500.0 WETH for user 0x741bFE4802cE1C4b5b00F9Df2F5f179A1C89171A...
approving atomicSwap to spend token 0x1CD4aF4A9bF33474C802d31790A195335f7a9Ab8 on behalf of 0x2c57d1CFC6d5f8E4182a56b4cf75421472eBAEa4
approving atomicSwap to spend token 0xd676AF79742bCAeb4a71CF62b85d5ba2D1deaf86 on behalf of 0x2c57d1CFC6d5f8E4182a56b4cf75421472eBAEa4
approving atomicSwap to spend token 0x1CD4aF4A9bF33474C802d31790A195335f7a9Ab8 on behalf of 0x741bFE4802cE1C4b5b00F9Df2F5f179A1C89171A
approving atomicSwap to spend token 0xd676AF79742bCAeb4a71CF62b85d5ba2D1deaf86 on behalf of 0x741bFE4802cE1C4b5b00F9Df2F5f179A1C89171A
depositing WETH into pair...
depositing DAI into pair...
minting LP tokens...
depositing WETH into pair...
depositing DAI into pair...
minting LP tokens...
liquidity deployed via mempool
Saved deployment: [1m/app/cli/deployments/deployment.json[0m
deployment saved to deployment.json

--------------------

Adding service with name 'prof-merger' and image 'prof-project/prof-merger'
Service 'prof-merger' added with service UUID '433960bbd8354342ab9ebe6ce60b2959'

Executing command on service 'prof-merger'
Command returned with exit code '0' and the following output:
--------------------
Linux 2dbb8d6b4891 5.4.0-196-generic #216-Ubuntu SMP Thu Aug 29 13:26:53 UTC 2024 x86_64 Linux

--------------------

Waiting for at most '20m0s' for service 'cl-1-lighthouse-geth' to reach a certain state
Wait took 33 tries (32.962974232s in total). Assertion passed with following:
Request had response code '200' and body "{\"version\":\"deneb\",\"execution_optimistic\":false,\"finalized\":false,\"data\":{\"message\":{\"slot\":\"2\",\"proposer_index\":\"117\",\"parent_root\":\"0xf13b760cf0f66f3fdf4b7f5d6efff4b3eb215f8c7e243ea163074a02acdb704e\",\"state_root\":\"0x9b5c87a63872c011cb5238ea3dd842019403c67261d514dee244cc837262be6f\",\"body\":{\"randao_reveal\":\"0x806c43d8d9291f43b2ae0ddbd13615ec1cbff4476acb141404bd6e93d8a0102cf37957fb10feb9b509099b792f66c0c2097a3c7531e84ce3e3bdaabb9db636596ae7973aca8875e57aa64e8b193ef753486ff585ac9c6f8b96f8e0ef21be121a\",\"eth1_data\":{\"deposit_root\":\"0xd70a234731285c6804c2a4f56711ddb8c82c99740f207854891028af34e27e5e\",\"deposit_count\":\"0\",\"block_hash\":\"0x137d720e42202a779fe3d459491474c5bbf4e4ed44b2f517d0662d075622d4d6\"},\"graffiti\":\"0x6c69676874686f7573652d676574680000000000000000000000000000000000\",\"proposer_slashings\":[],\"attester_slashings\":[],\"attestations\":[{\"aggregation_bits\":\"0x1c\",\"data\":{\"slot\":\"1\",\"index\":\"0\",\"beacon_block_root\":\"0xf13b760cf0f66f3fdf4b7f5d6efff4b3eb215f8c7e243ea163074a02acdb704e\",\"source\":{\"epoch\":\"0\",\"root\":\"0x0000000000000000000000000000000000000000000000000000000000000000\"},\"target\":{\"epoch\":\"0\",\"root\":\"0x4b0410f9b5e5d0038dedf093f689733736625fb9ff21f529faa6baaf0d274842\"}},\"signature\":\"0x950251bdaee1a91a95787e99827da21b311307054912ff8b773a0c4ba0b030fdd69e8df86f8750f3eacbdb51e93e09e701b7b550386c45b6ec6b99dc29e9bb36018cffc572b8f280f5fa67b0d9bb8a33ab4bac145aa2bf9384cb6a451ad336db\"}],\"deposits\":[],\"voluntary_exits\":[],\"sync_aggregate\":{\"sync_committee_bits\":\"0x00000000000000000000000000000000000000000000000000000000000000000000000000000000000000000000000000000000000000000000000000000000\",\"sync_committee_signature\":\"0xc00000000000000000000000000000000000000000000000000000000000000000000000000000000000000000000000000000000000000000000000000000000000000000000000000000000000000000000000000000000000000000000000\"},\"execution_payload\":{\"parent_hash\":\"0xa3a0173e3d9fa69d29b1818bb80085d50a8a9e1988a10064126f3030129317f6\",\"fee_recipient\":\"0x8943545177806ed17b9f23f0a21ee5948ecaa776\",\"state_root\":\"0x1cd6bfcbb98fdec649845d0f80e3d36732e4b0e8c6920b5162e700fa2899a11c\",\"receipts_root\":\"0x56e81f171bcc55a6ff8345e692c0f86e5b48e01b996cadc001622fb5e363b421\",\"logs_bloom\":\"0x00000000000000000000000000000000000000000000000000000000000000000000000000000000000000000000000000000000000000000000000000000000000000000000000000000000000000000000000000000000000000000000000000000000000000000000000000000000000000000000000000000000000000000000000000000000000000000000000000000000000000000000000000000000000000000000000000000000000000000000000000000000000000000000000000000000000000000000000000000000000000000000000000000000000000000000000000000000000000000000000000000000000000000000000000000000\",\"prev_randao\":\"0x70693ec674c1d06fec68896ed3b3a32098e7b925f7d50b5a0305569a4a9037d7\",\"block_number\":\"2\",\"gas_limit\":\"25048849\",\"gas_used\":\"0\",\"timestamp\":\"1733518915\",\"extra_data\":\"0xd883010e0c846765746888676f312e32332e33856c696e7578\",\"base_fee_per_gas\":\"765625000\",\"block_hash\":\"0x4b6a37a91b5e2ad80c9787f08ef52774041b74098c835b7c34be5539fdea9a90\",\"transactions\":[],\"withdrawals\":[],\"blob_gas_used\":\"0\",\"excess_blob_gas\":\"0\"},\"bls_to_execution_changes\":[],\"blob_kzg_commitments\":[]}},\"signature\":\"0x8a3cb8ac8aee0947af2335725fedc0e44b147a0cebb14c231dd524aa3b01f944f3a146e84951d2db296d0413da87faf50ae9c7af1fb87ab71c73e185eba7c894ffa228cf609df3c298fd21fb364a258f3a1863710e84df5b02f51743d75b80eb\"}}", with extracted fields:
'extract.epoch': "0"

Adding service with name 'mev-relay-redis' and image 'redis:alpine'
Service 'mev-relay-redis' added with service UUID '84b037867bc74d9fb140b85527527905'

Adding service with name 'mev-relay-postgres' and image 'postgres:alpine'
Service 'mev-relay-postgres' added with service UUID '2801c9fd27bc45ad8da9766d172d6806'

Adding service with name 'adminer' and image 'michalhosna/adminer'
Service 'adminer' added with service UUID '0e953a8dddcd4e81b24f4147d8177519'

Adding service with name 'mev-relay-housekeeper' and image 'prof-project/prof-relay'
Service 'mev-relay-housekeeper' added with service UUID 'b36172069c8e437a8580ae53a59fff7f'

Adding service with name 'mev-relay-api' and image 'prof-project/prof-relay'
Service 'mev-relay-api' added with service UUID 'aa7bbb4624fb4b09b1e0ee7c193d8da9'

Adding service with name 'mev-relay-website' and image 'prof-project/prof-relay'
Service 'mev-relay-website' added with service UUID '16ca4663998540dc9b2abc7bbb1b71a2'

Executing command on service 'mev-flood-1'
Command returned with exit code '0' with no output

Adding service with name 'prof-sequencer' and image 'prof-project/prof-sequencer-noauth'
Service 'prof-sequencer' added with service UUID '0689e3f4ac0445a9a97f36801d5c299b'

Executing command on service 'prof-sequencer'
Command returned with exit code '0' and the following output:
--------------------
Linux 62825e7f7a04 5.4.0-196-generic #216-Ubuntu SMP Thu Aug 29 13:26:53 UTC 2024 x86_64 Linux

--------------------

Waiting for at most '30s' for service 'prof-sequencer' to reach a certain state
Wait took 1 tries (50.610538ms in total). Assertion passed with following:
Request had response code '200' and body "{\"status\":\"healthy\"}"

Waiting for at most '5s' for service 'prof-sequencer' to reach a certain state
Wait took 1 tries (61.930945ms in total). Assertion passed with following:
Request had response code '404' and body "404 page not found"

Printing a message
Launching mev-flood with URI: http://172.16.4.11:8545

Adding service with name 'mev-flood-2' and image 'prof-project/mev-flood'
Service 'mev-flood-2' added with service UUID '9ff5248ccaf74a20b87926eb3516f15d'

Executing command on service 'mev-flood-2'
Command returned with exit code '0' and the following output:
--------------------
ENV: undefined
connected to http://172.16.4.11:8545 with wallet 0x65D08a056c17Ae13370565B04cF77D2AfA1cB9FA
deploying DAI contract
WETH contract address: 0x24a9Da1457F96C2b167D49377A776d302A5C4dB3
UniV2FactoryA contract address: 0x85998F6C99833d1127301928248c97b6F168bDad
UniV2FactoryB contract address: 0xf98265AeA01677961Bff51685B04eE3a6139206F
deploying base contracts: DAI, WETH, uniswapV2factory...
minting DAI for admin 0x65D08a056c17Ae13370565B04cF77D2AfA1cB9FA...
minting DAI for user 0x3e95dFbBaF6B348396E6674C7871546dCC568e56...
minting 2500.0 WETH for admin 0x65D08a056c17Ae13370565B04cF77D2AfA1cB9FA...
minting 500.0 WETH for user 0x3e95dFbBaF6B348396E6674C7871546dCC568e56...
approving atomicSwap to spend token 0xAC29373CBe03C88Fb078488181F8a0650C58CA08 on behalf of 0x65D08a056c17Ae13370565B04cF77D2AfA1cB9FA
approving atomicSwap to spend token 0x24a9Da1457F96C2b167D49377A776d302A5C4dB3 on behalf of 0x65D08a056c17Ae13370565B04cF77D2AfA1cB9FA
approving atomicSwap to spend token 0xAC29373CBe03C88Fb078488181F8a0650C58CA08 on behalf of 0x3e95dFbBaF6B348396E6674C7871546dCC568e56
approving atomicSwap to spend token 0x24a9Da1457F96C2b167D49377A776d302A5C4dB3 on behalf of 0x3e95dFbBaF6B348396E6674C7871546dCC568e56
depositing WETH into pair...
depositing DAI into pair...
minting LP tokens...
depositing WETH into pair...
depositing DAI into pair...
minting LP tokens...
liquidity deployed via mempool
Saved deployment: [1m/app/cli/deployments/deployment.json[0m
deployment saved to deployment.json

--------------------

Waiting for at most '5s' for service 'prof-sequencer' to reach a certain state
Wait took 1 tries (37.706918ms in total). Assertion passed with following:
Request had response code '404' and body "404 page not found"

Executing command on service 'mev-flood-2'
Command returned with exit code '0' with no output

Adding service with name 'mev-boost-1-lighthouse-geth' and image 'flashbots/mev-boost'
Service 'mev-boost-1-lighthouse-geth' added with service UUID 'c92e2c128df340c1a1bdb43790e17795'

Adding service with name 'mev-boost-2-lighthouse-geth' and image 'flashbots/mev-boost'
Service 'mev-boost-2-lighthouse-geth' added with service UUID '8cd090e5741a496b88dd838a4bd65f77'

Printing a message
Launching transaction spammer

Adding service with name 'transaction-spammer' and image 'ethpandaops/tx-fuzz:master'
Service 'transaction-spammer' added with service UUID '6541063aa5a94aa5bf206f71f6b762e2'

Printing a message
Successfully launched transaction spammer

Printing a message
Launching Blob spammer

Adding service with name 'blob-spammer' and image 'ethpandaops/tx-fuzz:master'
Service 'blob-spammer' added with service UUID '901ddc2b22314f05b0135e7db311aa63'

Printing a message
Successfully launched blob spammer

Printing a message
Launching el forkmon

Rendering a template to a files artifact with name 'el-forkmon-config'
Templates artifact name 'el-forkmon-config' rendered with artifact UUID 'b54c170562374032a948208be870048d'

Adding service with name 'el-forkmon' and image 'ethpandaops/execution-monitor:master'
Service 'el-forkmon' added with service UUID '7c4b065d3334459bb7f2874bdea33610'

Printing a message
Successfully launched execution layer forkmon

Printing a message
Launching dora

Rendering a template to a files artifact with name 'dora-config'
Templates artifact name 'dora-config' rendered with artifact UUID '5c24f833a1fa42f3996c00eada839716'

Adding service with name 'dora' and image 'ethpandaops/dora:master'
Service 'dora' added with service UUID '50bea186c4a84ec593a05613ce31299e'

Printing a message
Successfully launched dora

Starlark code successfully run. Output was:
{
	"all_participants": [
		{
			"cl_client_context": {
				"beacon_service_name": "cl-1-lighthouse-geth",
				"cl_nodes_metrics_info": [
					{
						"config": {
							"labels": null,
							"scrape_interval": "15s"
						},
						"name": "cl-1-lighthouse-geth",
						"path": "/metrics",
						"url": "172.16.4.14:5054"
					}
				],
				"client_name": "lighthouse",
				"enr": "enr:-MS4QP3tc-SuJ1Lhc-EV3UMhA-YlssDz_1o0wBB3gXTpomTmb92HBQHM9GJkItKQFYLy2t8jXPPe8WK2MI99fjfhPXUBh2F0dG5ldHOIAAAAAAAAAACEZXRoMpDYTi7gUAAAOP__________gmlkgnY0gmlwhKwQBA6EcXVpY4IjKYlzZWNwMjU2azGhAsj75BbwGfOqzQQGjIJDYfchHVyirLq_TwvRdakYEyoEiHN5bmNuZXRzAIN0Y3CCIyiDdWRwgiMo",
				"http_port_num": 4000,
				"ip_addr": "172.16.4.14",
				"multiaddr": "/ip4/172.16.4.14/tcp/9000/p2p/16Uiu2HAm8xEHxcBYH5Z1Yz1fZXQkqAtfxDcYtcgmZa4tvpf9ho8w",
				"peer_id": "16Uiu2HAm8xEHxcBYH5Z1Yz1fZXQkqAtfxDcYtcgmZa4tvpf9ho8w",
				"snooper_enabled": false,
				"snooper_engine_context": null,
				"validator_keystore_files_artifact_uuid": "1-lighthouse-geth-0-63"
			},
			"cl_client_type": "lighthouse",
			"el_client_context": {
				"client_name": "geth",
				"el_metrics_info": [
					{
						"config": {
							"labels": null,
							"scrape_interval": "15s"
						},
						"name": "el-1-geth-lighthouse",
						"path": "/debug/metrics/prometheus",
						"url": "172.16.4.11:9001"
					}
				],
				"engine_rpc_port_num": 8551,
				"enode": "enode://a5be5afdfd6e818317f3211f7bdf9e847256b775ffd75f723a1e4c827971b76833c7ba57c9232e3e2cb9b2de916f6494a5c70920d7ce0d9dc3395cd539bb0727@172.16.4.11:30303",
				"enr": "enr:-KO4QHA2iYj3A0fGduma0vGP6luv7D8jaf0mOxpPmLFQo95iANyyhayE1uMU6JtjSKNyLykPngG7AZjyQFmpKMYI3cuGAZOdxqaRg2V0aMfGhGemocOAgmlkgnY0gmlwhKwQBAuJc2VjcDI1NmsxoQOlvlr9_W6BgxfzIR97356Ecla3df_XX3I6HkyCeXG3aIRzbmFwwIN0Y3CCdl-DdWRwgnZf",
				"ip_addr": "172.16.4.11",
				"rpc_port_num": 8545,
				"service_name": "el-1-geth-lighthouse",
				"ws_port_num": 8546
			},
			"el_client_type": "geth",
			"ethereum_metrics_exporter_context": null,
			"snooper_engine_context": null,
			"validator_client_context": {
				"client_name": "lighthouse",
				"metrics_info": {
					"config": {
						"labels": null,
						"scrape_interval": "15s"
					},
					"name": "validator-client-1-lighthouse",
					"path": "/metrics",
					"url": "172.16.4.17:8080"
				},
				"service_name": "validator-client-1-lighthouse"
			},
			"validator_client_type": "lighthouse",
			"xatu_sentry_context": null
		},
		{
			"cl_client_context": {
				"beacon_service_name": "cl-2-lighthouse-geth",
				"cl_nodes_metrics_info": [
					{
						"config": {
							"labels": null,
							"scrape_interval": "15s"
						},
						"name": "cl-2-lighthouse-geth",
						"path": "/metrics",
						"url": "172.16.4.15:5054"
					}
				],
				"client_name": "lighthouse",
				"enr": "enr:-MS4QCdZ1x5WO8RmK1I_HUtfRTAXJvSV_vazPISURrkg_aJkQAOwdHx0YKL1RP6gykFhyWo7D0tt0WryY3szX_69Fx1Fh2F0dG5ldHOI__________-EZXRoMpDYTi7gUAAAOP__________gmlkgnY0gmlwhKwQBA-EcXVpY4IjKYlzZWNwMjU2azGhAz2WIHXc3qRxei6ir1lO3iP6_k9WXxnLuQXcVZJusveKiHN5bmNuZXRzD4N0Y3CCIyiDdWRwgiMo",
				"http_port_num": 4000,
				"ip_addr": "172.16.4.15",
				"multiaddr": "/ip4/172.16.4.15/tcp/9000/p2p/16Uiu2HAmGoPzZ22wJeCE6KBBVARS4siauwW2wVwo2z7TzMVEjwof",
				"peer_id": "16Uiu2HAmGoPzZ22wJeCE6KBBVARS4siauwW2wVwo2z7TzMVEjwof",
				"snooper_enabled": false,
				"snooper_engine_context": null,
				"validator_keystore_files_artifact_uuid": "2-lighthouse-geth-64-127"
			},
			"cl_client_type": "lighthouse",
			"el_client_context": {
				"client_name": "geth",
				"el_metrics_info": [
					{
						"config": {
							"labels": null,
							"scrape_interval": "15s"
						},
						"name": "el-2-geth-lighthouse",
						"path": "/debug/metrics/prometheus",
						"url": "172.16.4.12:9001"
					}
				],
				"engine_rpc_port_num": 8551,
				"enode": "enode://5bbe2e19dad323475c0a45422fb128682b4a4c25de940e61960305929ddd2cbec99c55fa5a828e25ccb8ba01a5045bde634b41c4e34a46b0b63048159ded76e4@172.16.4.12:30303",
				"enr": "enr:-KO4QPOlYk5xfNrtlxhI6M3texmXZyn8eZE-F8ffiJt1to6INlJ3NrduVnfHwJyeZLGXoubh9MvOWt8DynSk4Mv4SG-GAZOdxqy-g2V0aMfGhGemocOAgmlkgnY0gmlwhKwQBAyJc2VjcDI1NmsxoQJbvi4Z2tMjR1wKRUIvsShoK0pMJd6UDmGWAwWSnd0svoRzbmFwwIN0Y3CCdl-DdWRwgnZf",
				"ip_addr": "172.16.4.12",
				"rpc_port_num": 8545,
				"service_name": "el-2-geth-lighthouse",
				"ws_port_num": 8546
			},
			"el_client_type": "geth",
			"ethereum_metrics_exporter_context": null,
			"snooper_engine_context": null,
			"validator_client_context": {
				"client_name": "lighthouse",
				"metrics_info": {
					"config": {
						"labels": null,
						"scrape_interval": "15s"
					},
					"name": "validator-client-2-lighthouse",
					"path": "/metrics",
					"url": "172.16.4.18:8080"
				},
				"service_name": "validator-client-2-lighthouse"
			},
			"validator_client_type": "lighthouse",
			"xatu_sentry_context": null
		},
		{
			"cl_client_context": {
				"beacon_service_name": "cl-3-lighthouse-geth-builder",
				"cl_nodes_metrics_info": [
					{
						"config": {
							"labels": null,
							"scrape_interval": "15s"
						},
						"name": "cl-3-lighthouse-geth-builder",
						"path": "/metrics",
						"url": "172.16.4.16:5054"
					}
				],
				"client_name": "lighthouse",
				"enr": "enr:-MS4QG_vYL8UVPyLGzfN6s2NHDy2IMykNQSIcbN6qahMC2seVqNlK_FMQpo1idBISriFnq-vZfZSRmLtm7ZA5DqDwFRFh2F0dG5ldHOI__________-EZXRoMpDYTi7gUAAAOP__________gmlkgnY0gmlwhKwQBBCEcXVpY4IjKYlzZWNwMjU2azGhArbXvs183TQi34CxPHpjV5BBsEMj2CIJfjajSB910FqRiHN5bmNuZXRzD4N0Y3CCIyiDdWRwgiMo",
				"http_port_num": 4000,
				"ip_addr": "172.16.4.16",
				"multiaddr": "/ip4/172.16.4.16/tcp/9000/p2p/16Uiu2HAm7jQzDNBrHadiy3QPYX4QmVGKRizscxAjQfxP42MGdQec",
				"peer_id": "16Uiu2HAm7jQzDNBrHadiy3QPYX4QmVGKRizscxAjQfxP42MGdQec",
				"snooper_enabled": false,
				"snooper_engine_context": null,
				"validator_keystore_files_artifact_uuid": ""
			},
			"cl_client_type": "lighthouse",
			"el_client_context": {
				"client_name": "geth",
				"el_metrics_info": [
					{
						"config": {
							"labels": null,
							"scrape_interval": "15s"
						},
						"name": "el-3-geth-builder-lighthouse",
						"path": "/debug/metrics/prometheus",
						"url": "172.16.4.13:9001"
					}
				],
				"engine_rpc_port_num": 8551,
				"enode": "enode://6e409190b83d4b93ce91ea4830abc389aec2d6d302c371a7ce97b737a02fdd01310e0652d43e1029155df3fec7459cd7cb55eecf8fffa4583b39c888df43ce25@172.16.4.13:30303",
				"enr": "enr:-KO4QB1roVQGdGMA-yjb1szZEwcO4TPRLJXIFE-GU-QwJDqkOKKglBC5T8YyIg3JonsqHtLtUevA6g3VbE7HTLXivfKGAZOdxsDQg2V0aMfGhGemocOAgmlkgnY0gmlwhKwQBA2Jc2VjcDI1NmsxoQNuQJGQuD1Lk86R6kgwq8OJrsLW0wLDcafOl7c3oC_dAYRzbmFwwIN0Y3CCdl-DdWRwgnZf",
				"ip_addr": "172.16.4.13",
				"rpc_port_num": 8545,
				"service_name": "el-3-geth-builder-lighthouse",
				"ws_port_num": 8546
			},
			"el_client_type": "geth-builder",
			"ethereum_metrics_exporter_context": null,
			"snooper_engine_context": null,
			"validator_client_context": null,
			"validator_client_type": "",
			"xatu_sentry_context": null
		}
	],
	"blockscout_sc_verif_url": null,
	"final_genesis_timestamp": "1733518891",
	"genesis_validators_root": "0xd1ec305b97bf6336571c2348e4a8bf173684b0cdb7e55f7e6554d51f8478b5a3",
	"grafana_info": {
		"dashboard_path": "/d/QdTOwy-nz/eth2-merge-kurtosis-module-dashboard?orgId=1",
		"password": "admin",
		"user": "admin"
	}
}

Made with Kurtosis - https://kurtosis.com
[36mINFO[0m[2024-12-06T16:02:20-05:00] =============================================================== 
[36mINFO[0m[2024-12-06T16:02:20-05:00] ||          Created enclave: prof-test-flood-jens-2          || 
[36mINFO[0m[2024-12-06T16:02:20-05:00] =============================================================== 
Name:            prof-test-flood-jens-2
UUID:            29994bde4a12
Status:          RUNNING
Creation Time:   Fri, 06 Dec 2024 16:00:43 EST
Flags:           

========================================= Files Artifacts =========================================
UUID           Name
f6fa11d24cf9   1-lighthouse-geth-0-63
b5dedf5666c9   2-lighthouse-geth-64-127
5c24f833a1fa   dora-config
b54c17056237   el-forkmon-config
e9d0fd3c076a   el_cl_genesis_data
5b9f4114f4fc   final-genesis-timestamp
98fbfe4a6299   genesis-el-cl-env-file
199462d86e97   genesis_validators_root
b7b6ba5efbe7   jwt_file
51045bbb3e7e   prysm-password
e04ddfb994eb   validator-ranges

========================================== User Services ==========================================
UUID           Name                                             Ports                                                  Status
0e953a8dddcd   adminer                                          adminer: 8080/tcp -> http://127.0.0.1:38618            RUNNING
901ddc2b2231   blob-spammer                                     <none>                                                 RUNNING
bc3237ddc722   cl-1-lighthouse-geth                             http: 4000/tcp -> http://127.0.0.1:38604               RUNNING
                                                                metrics: 5054/tcp -> http://127.0.0.1:38605            
                                                                tcp-discovery: 9000/tcp -> 127.0.0.1:38606             
                                                                udp-discovery: 9000/udp -> 127.0.0.1:33665             
5b853980d510   cl-2-lighthouse-geth                             http: 4000/tcp -> http://127.0.0.1:38607               RUNNING
                                                                metrics: 5054/tcp -> http://127.0.0.1:38608            
                                                                tcp-discovery: 9000/tcp -> 127.0.0.1:38609             
                                                                udp-discovery: 9000/udp -> 127.0.0.1:33666             
1099e989dc01   cl-3-lighthouse-geth-builder                     http: 4000/tcp -> http://127.0.0.1:38610               RUNNING
                                                                metrics: 5054/tcp -> http://127.0.0.1:38611            
                                                                tcp-discovery: 9000/tcp -> 127.0.0.1:38612             
                                                                udp-discovery: 9000/udp -> 127.0.0.1:33667             
50bea186c4a8   dora                                             http: 8080/tcp -> http://127.0.0.1:38625               RUNNING
75300700f5d6   el-1-geth-lighthouse                             engine-rpc: 8551/tcp -> 127.0.0.1:38591                RUNNING
                                                                metrics: 9001/tcp -> 127.0.0.1:38592                   
                                                                rpc: 8545/tcp -> 127.0.0.1:38589                       
                                                                tcp-discovery: 30303/tcp -> 127.0.0.1:38593            
                                                                udp-discovery: 30303/udp -> 127.0.0.1:33662            
                                                                ws: 8546/tcp -> 127.0.0.1:38590                        
e2fb818db9dd   el-2-geth-lighthouse                             engine-rpc: 8551/tcp -> 127.0.0.1:38596                RUNNING
                                                                metrics: 9001/tcp -> 127.0.0.1:38597                   
                                                                rpc: 8545/tcp -> 127.0.0.1:38594                       
                                                                tcp-discovery: 30303/tcp -> 127.0.0.1:38598            
                                                                udp-discovery: 30303/udp -> 127.0.0.1:33663            
                                                                ws: 8546/tcp -> 127.0.0.1:38595                        
99a28da0e134   el-3-geth-builder-lighthouse                     engine-rpc: 8551/tcp -> 127.0.0.1:38601                RUNNING
                                                                metrics: 9001/tcp -> 127.0.0.1:38602                   
                                                                rpc: 8545/tcp -> 127.0.0.1:38599                       
                                                                tcp-discovery: 30303/tcp -> 127.0.0.1:38603            
                                                                udp-discovery: 30303/udp -> 127.0.0.1:33664            
                                                                ws: 8546/tcp -> 127.0.0.1:38600                        
7c4b065d3334   el-forkmon                                       http: 8080/tcp -> http://127.0.0.1:38624               RUNNING
c92e2c128df3   mev-boost-1-lighthouse-geth                      api: 18550/tcp -> 127.0.0.1:38622                      RUNNING
8cd090e5741a   mev-boost-2-lighthouse-geth                      api: 18550/tcp -> 127.0.0.1:38623                      RUNNING
252d4c29eefd   mev-flood-1                                      <none>                                                 RUNNING
9ff5248ccaf7   mev-flood-2                                      <none>                                                 RUNNING
aa7bbb4624fb   mev-relay-api                                    api: 9062/tcp -> 127.0.0.1:38619                       RUNNING
b36172069c8e   mev-relay-housekeeper                            <none>                                                 RUNNING
2801c9fd27bc   mev-relay-postgres                               postgresql: 5432/tcp -> postgresql://127.0.0.1:38617   RUNNING
84b037867bc7   mev-relay-redis                                  redis: 6379/tcp -> redis://127.0.0.1:38616             RUNNING
16ca46639985   mev-relay-website                                api: 9060/tcp -> http://127.0.0.1:38620                RUNNING
433960bbd835   prof-merger                                      http: 50051/tcp -> tcp://127.0.0.1:38615               RUNNING
0689e3f4ac04   prof-sequencer                                   http: 80/tcp -> http://127.0.0.1:38621                 RUNNING
6541063aa5a9   transaction-spammer                              <none>                                                 RUNNING
0456dbb3b417   validator-client-1-lighthouse                    metrics: 8080/tcp -> http://127.0.0.1:38613            RUNNING
6b73e685c051   validator-client-2-lighthouse                    metrics: 8080/tcp -> http://127.0.0.1:38614            RUNNING
8b58e01274c8   validator-key-generation-cl-validator-keystore   <none>                                                 RUNNING

