fetch https://dl-cdn.alpinelinux.org/alpine/v3.20/main/x86_64/APKINDEX.tar.gz
fetch https://dl-cdn.alpinelinux.org/alpine/v3.20/community/x86_64/APKINDEX.tar.gz
v3.20.3-388-g068b58b02cb [https://dl-cdn.alpinelinux.org/alpine/v3.20/main]
v3.20.3-386-g5fa81045983 [https://dl-cdn.alpinelinux.org/alpine/v3.20/community]
OK: 24171 distinct packages available
(1/12) Installing ca-certificates (20240705-r0)
(2/12) Installing brotli-libs (1.1.0-r2)
(3/12) Installing c-ares (1.33.1-r0)
(4/12) Installing libunistring (1.2-r0)
(5/12) Installing libidn2 (2.3.7-r0)
(6/12) Installing nghttp2-libs (1.62.1-r0)
(7/12) Installing libpsl (0.21.5-r1)
(8/12) Installing zstd-libs (1.5.6-r0)
(9/12) Installing libcurl (8.11.0-r2)
(10/12) Installing curl (8.11.0-r2)
(11/12) Installing oniguruma (6.9.9-r0)
(12/12) Installing jq (1.7.1-r0)
Executing busybox-1.36.1-r29.trigger
Executing ca-certificates-20240705-r0.trigger
OK: 14 MiB in 26 packages
deneb
sleep is over, starting to send blob transactions
No seed provided, creating one
Airdrop faucet is at e25583099ba105d9ec0a67f5ae86d90e50036425
Spamming 2 transactions per account on 100 accounts with seed: 0x-32712e722a36e4a5
Airdrop faucet is at e25583099ba105d9ec0a67f5ae86d90e50036425
Spamming 2 transactions per account on 100 accounts with seed: 0x-32712e722a36e4a5
Airdrop faucet is at e25583099ba105d9ec0a67f5ae86d90e50036425
Spamming 2 transactions per account on 100 accounts with seed: 0x-32712e722a36e4a5
Airdrop faucet is at e25583099ba105d9ec0a67f5ae86d90e50036425
Spamming 2 transactions per account on 100 accounts with seed: 0x-32712e722a36e4a5
Airdrop faucet is at e25583099ba105d9ec0a67f5ae86d90e50036425
Spamming 2 transactions per account on 100 accounts with seed: 0x-32712e722a36e4a5
Airdrop faucet is at e25583099ba105d9ec0a67f5ae86d90e50036425
Spamming 2 transactions per account on 100 accounts with seed: 0x-32712e722a36e4a5
Airdrop faucet is at e25583099ba105d9ec0a67f5ae86d90e50036425
Spamming 2 transactions per account on 100 accounts with seed: 0x-32712e722a36e4a5
Airdrop faucet is at e25583099ba105d9ec0a67f5ae86d90e50036425
Spamming 2 transactions per account on 100 accounts with seed: 0x-32712e722a36e4a5
Airdrop faucet is at e25583099ba105d9ec0a67f5ae86d90e50036425
Spamming 2 transactions per account on 100 accounts with seed: 0x-32712e722a36e4a5
Airdrop faucet is at e25583099ba105d9ec0a67f5ae86d90e50036425
Spamming 2 transactions per account on 100 accounts with seed: 0x-32712e722a36e4a5
Airdrop faucet is at e25583099ba105d9ec0a67f5ae86d90e50036425
Spamming 2 transactions per account on 100 accounts with seed: 0x-32712e722a36e4a5
